
 Start         Length     Name                   Class
 0001:00401000 00098E38H .text                   CODE
 0002:0049A000 00000A6CH .itext                  ICODE
 0003:0049B000 00003C30H .data                   DATA
 0004:0049F000 00004E4CH .bss                    BSS
 0005:00000000 00000088H .tls                    TLS


Detailed map of segments

 0001:00000000 00006A41 C=CODE     S=.text    G=(none)   M=System   ACBP=A9
 0001:00006A44 00000105 C=CODE     S=.text    G=(none)   M=SysInit  ACBP=A9
 0001:00006B4C 00000058 C=CODE     S=.text    G=(none)   M=Types    ACBP=A9
 0001:00006BA4 00000CCC C=CODE     S=.text    G=(none)   M=Windows  ACBP=A9
 0001:00007870 00000062 C=CODE     S=.text    G=(none)   M=ActiveX  ACBP=A9
 0001:000078D4 00000350 C=CODE     S=.text    G=(none)   M=SysConst ACBP=A9
 0001:00007C24 00007CF9 C=CODE     S=.text    G=(none)   M=SysUtils ACBP=A9
 0001:0000F920 00000816 C=CODE     S=.text    G=(none)   M=VarUtils ACBP=A9
 0001:00010138 00008384 C=CODE     S=.text    G=(none)   M=Variants ACBP=A9
 0001:000184BC 00000128 C=CODE     S=.text    G=(none)   M=RTLConsts ACBP=A9
 0001:000185E4 00001C03 C=CODE     S=.text    G=(none)   M=TypInfo  ACBP=A9
 0001:0001A1E8 0000B1BD C=CODE     S=.text    G=(none)   M=Classes  ACBP=A9
 0001:000253A8 00000295 C=CODE     S=.text    G=(none)   M=Contnrs  ACBP=A9
 0001:00025640 00001262 C=CODE     S=.text    G=(none)   M=HelpIntfs ACBP=A9
 0001:000268A4 00000772 C=CODE     S=.text    G=(none)   M=MultiMon ACBP=A9
 0001:00027018 00000194 C=CODE     S=.text    G=(none)   M=CommCtrl ACBP=A9
 0001:000271AC 000002A0 C=CODE     S=.text    G=(none)   M=Consts   ACBP=A9
 0001:0002744C 00001169 C=CODE     S=.text    G=(none)   M=IniFiles ACBP=A9
 0001:000285B8 000005C5 C=CODE     S=.text    G=(none)   M=Registry ACBP=A9
 0001:00028B80 00009142 C=CODE     S=.text    G=(none)   M=Graphics ACBP=A9
 0001:00031CC4 0000016A C=CODE     S=.text    G=(none)   M=SyncObjs ACBP=A9
 0001:00031E30 00000BB9 C=CODE     S=.text    G=(none)   M=UxTheme  ACBP=A9
 0001:000329EC 00000194 C=CODE     S=.text    G=(none)   M=DwmApi   ACBP=A9
 0001:00032B80 000044F3 C=CODE     S=.text    G=(none)   M=StdCtrls ACBP=A9
 0001:00037074 0000003A C=CODE     S=.text    G=(none)   M=Printers ACBP=A9
 0001:000370B0 00000103 C=CODE     S=.text    G=(none)   M=WideStrUtils ACBP=A9
 0001:000371B4 00000D76 C=CODE     S=.text    G=(none)   M=GraphUtil ACBP=A9
 0001:00037F2C 0000100A C=CODE     S=.text    G=(none)   M=ExtCtrls ACBP=A9
 0001:00038F38 00001B28 C=CODE     S=.text    G=(none)   M=Dialogs  ACBP=A9
 0001:0003AA60 0000003A C=CODE     S=.text    G=(none)   M=Clipbrd  ACBP=A9
 0001:0003AA9C 0000012D C=CODE     S=.text    G=(none)   M=StdActns ACBP=A9
 0001:0003ABCC 0000030E C=CODE     S=.text    G=(none)   M=FlatSB   ACBP=A9
 0001:0003AEDC 00007AE1 C=CODE     S=.text    G=(none)   M=Menus    ACBP=A9
 0001:000429C0 00013D48 C=CODE     S=.text    G=(none)   M=Controls ACBP=A9
 0001:00056708 00000B76 C=CODE     S=.text    G=(none)   M=Themes   ACBP=A9
 0001:00057280 000016DD C=CODE     S=.text    G=(none)   M=ImgList  ACBP=A9
 0001:00058960 00001332 C=CODE     S=.text    G=(none)   M=ActnList ACBP=A9
 0001:00059C94 0000F3AC C=CODE     S=.text    G=(none)   M=Forms    ACBP=A9
 0001:00069040 00000130 C=CODE     S=.text    G=(none)   M=DBConsts ACBP=A9
 0001:00069170 00000037 C=CODE     S=.text    G=(none)   M=DateUtils ACBP=A9
 0001:000691A8 00000FA6 C=CODE     S=.text    G=(none)   M=SqlTimSt ACBP=A9
 0001:0006A150 00001D52 C=CODE     S=.text    G=(none)   M=WideStrings ACBP=A9
 0001:0006BEA4 0000561E C=CODE     S=.text    G=(none)   M=FMTBcd   ACBP=A9
 0001:000714C4 00000B2E C=CODE     S=.text    G=(none)   M=MaskUtils ACBP=A9
 0001:00071FF4 00000020 C=CODE     S=.text    G=(none)   M=ComConst ACBP=A9
 0001:00072014 00000E07 C=CODE     S=.text    G=(none)   M=ComObj   ACBP=A9
 0001:00072E1C 000125AD C=CODE     S=.text    G=(none)   M=DB       ACBP=A9
 0001:000853CC 000003E0 C=CODE     S=.text    G=(none)   M=IBXConst ACBP=A9
 0001:000857AC 000007AD C=CODE     S=.text    G=(none)   M=IBBlob   ACBP=A9
 0001:00085F5C 00000748 C=CODE     S=.text    G=(none)   M=IBCustomDataSet ACBP=A9
 0001:000866A4 00002E30 C=CODE     S=.text    G=(none)   M=IBSQL    ACBP=A9
 0001:000894D4 000001F8 C=CODE     S=.text    G=(none)   M=IBXMLHeader ACBP=A9
 0001:000896CC 00002328 C=CODE     S=.text    G=(none)   M=IBSQLMonitor ACBP=A9
 0001:0008B9F4 00000078 C=CODE     S=.text    G=(none)   M=IBHeader ACBP=A9
 0001:0008BA6C 00000CE7 C=CODE     S=.text    G=(none)   M=IB       ACBP=A9
 0001:0008C754 0000015E C=CODE     S=.text    G=(none)   M=IBUtils  ACBP=A9
 0001:0008C8B4 00002E35 C=CODE     S=.text    G=(none)   M=IBIntf   ACBP=A9
 0001:0008F6EC 00001F5A C=CODE     S=.text    G=(none)   M=IBDatabase ACBP=A9
 0001:00091648 00002031 C=CODE     S=.text    G=(none)   M=IBServices ACBP=A9
 0001:0009367C 0000049E C=CODE     S=.text    G=(none)   M=DCPbase64 ACBP=A9
 0001:00093B1C 00000B72 C=CODE     S=.text    G=(none)   M=DCPcrypt2 ACBP=A9
 0001:00094690 00000DCC C=CODE     S=.text    G=(none)   M=DCPblockciphers ACBP=A9
 0001:0009545C 00001398 C=CODE     S=.text    G=(none)   M=DCPblowfish ACBP=A9
 0001:000967F4 000000CD C=CODE     S=.text    G=(none)   M=Buttons  ACBP=A9
 0001:000968C4 00000E18 C=CODE     S=.text    G=(none)   M=anfix32  ACBP=A9
 0001:000976DC 00001464 C=CODE     S=.text    G=(none)   M=UnitFirebirdRestore ACBP=A9
 0001:00098B40 000002F8 C=CODE     S=.text    G=(none)   M=FirebirdRestore ACBP=A9
 0002:00000000 00000095 C=ICODE    S=.itext   G=(none)   M=System   ACBP=A9
 0002:00000098 00000011 C=ICODE    S=.itext   G=(none)   M=Windows  ACBP=A9
 0002:000000AC 00000088 C=ICODE    S=.itext   G=(none)   M=SysUtils ACBP=A9
 0002:00000134 0000000F C=ICODE    S=.itext   G=(none)   M=VarUtils ACBP=A9
 0002:00000144 000000AA C=ICODE    S=.itext   G=(none)   M=Variants ACBP=A9
 0002:000001F0 00000008 C=ICODE    S=.itext   G=(none)   M=TypInfo  ACBP=A9
 0002:000001F8 00000092 C=ICODE    S=.itext   G=(none)   M=Classes  ACBP=A9
 0002:0000028C 00000008 C=ICODE    S=.itext   G=(none)   M=HelpIntfs ACBP=A9
 0002:00000294 0000000F C=ICODE    S=.itext   G=(none)   M=MultiMon ACBP=A9
 0002:000002A4 00000008 C=ICODE    S=.itext   G=(none)   M=IniFiles ACBP=A9
 0002:000002AC 00000008 C=ICODE    S=.itext   G=(none)   M=Registry ACBP=A9
 0002:000002B4 000000FB C=ICODE    S=.itext   G=(none)   M=Graphics ACBP=A9
 0002:000003B0 0000001B C=ICODE    S=.itext   G=(none)   M=UxTheme  ACBP=A9
 0002:000003CC 00000008 C=ICODE    S=.itext   G=(none)   M=DwmApi   ACBP=A9
 0002:000003D4 00000008 C=ICODE    S=.itext   G=(none)   M=Printers ACBP=A9
 0002:000003DC 00000098 C=ICODE    S=.itext   G=(none)   M=GraphUtil ACBP=A9
 0002:00000474 00000044 C=ICODE    S=.itext   G=(none)   M=ExtCtrls ACBP=A9
 0002:000004B8 0000003D C=ICODE    S=.itext   G=(none)   M=Dialogs  ACBP=A9
 0002:000004F8 00000058 C=ICODE    S=.itext   G=(none)   M=Clipbrd  ACBP=A9
 0002:00000550 0000000F C=ICODE    S=.itext   G=(none)   M=FlatSB   ACBP=A9
 0002:00000560 00000085 C=ICODE    S=.itext   G=(none)   M=Menus    ACBP=A9
 0002:000005E8 0000008F C=ICODE    S=.itext   G=(none)   M=Controls ACBP=A9
 0002:00000678 00000008 C=ICODE    S=.itext   G=(none)   M=Themes   ACBP=A9
 0002:00000680 0000002A C=ICODE    S=.itext   G=(none)   M=ActnList ACBP=A9
 0002:000006AC 00000070 C=ICODE    S=.itext   G=(none)   M=Forms    ACBP=A9
 0002:0000071C 0000001B C=ICODE    S=.itext   G=(none)   M=SqlTimSt ACBP=A9
 0002:00000738 0000000F C=ICODE    S=.itext   G=(none)   M=WideStrings ACBP=A9
 0002:00000748 0000001B C=ICODE    S=.itext   G=(none)   M=FMTBcd   ACBP=A9
 0002:00000764 00000055 C=ICODE    S=.itext   G=(none)   M=ComObj   ACBP=A9
 0002:000007BC 0000008C C=ICODE    S=.itext   G=(none)   M=DB       ACBP=A9
 0002:00000848 00000014 C=ICODE    S=.itext   G=(none)   M=IBCustomDataSet ACBP=A9
 0002:0000085C 00000030 C=ICODE    S=.itext   G=(none)   M=IBSQLMonitor ACBP=A9
 0002:0000088C 00000038 C=ICODE    S=.itext   G=(none)   M=IB       ACBP=A9
 0002:000008C4 00000011 C=ICODE    S=.itext   G=(none)   M=IBUtils  ACBP=A9
 0002:000008D8 0000002F C=ICODE    S=.itext   G=(none)   M=IBIntf   ACBP=A9
 0002:00000908 00000008 C=ICODE    S=.itext   G=(none)   M=IBDatabase ACBP=A9
 0002:00000910 00000008 C=ICODE    S=.itext   G=(none)   M=IBServices ACBP=A9
 0002:00000918 00000025 C=ICODE    S=.itext   G=(none)   M=Buttons  ACBP=A9
 0002:00000940 000000E4 C=ICODE    S=.itext   G=(none)   M=anfix32  ACBP=A9
 0002:00000A24 00000045 C=ICODE    S=.itext   G=(none)   M=FirebirdRestore ACBP=A9
 0003:00000000 000007E0 C=DATA     S=.data    G=DGROUP   M=System   ACBP=A9
 0003:000007E0 00000020 C=DATA     S=.data    G=DGROUP   M=SysInit  ACBP=A9
 0003:00000800 00000010 C=DATA     S=.data    G=DGROUP   M=ActiveX  ACBP=A9
 0003:00000810 00000270 C=DATA     S=.data    G=DGROUP   M=SysUtils ACBP=A9
 0003:00000A80 00000110 C=DATA     S=.data    G=DGROUP   M=VarUtils ACBP=A9
 0003:00000B90 0000013E C=DATA     S=.data    G=DGROUP   M=Variants ACBP=A9
 0003:00000CD0 0000000C C=DATA     S=.data    G=DGROUP   M=TypInfo  ACBP=A9
 0003:00000CDC 000000E4 C=DATA     S=.data    G=DGROUP   M=Classes  ACBP=A9
 0003:00000DC0 00000008 C=DATA     S=.data    G=DGROUP   M=IniFiles ACBP=A9
 0003:00000DC8 00000008 C=DATA     S=.data    G=DGROUP   M=Registry ACBP=A9
 0003:00000DD0 0000030C C=DATA     S=.data    G=DGROUP   M=Graphics ACBP=A9
 0003:000010DC 00000090 C=DATA     S=.data    G=DGROUP   M=StdCtrls ACBP=A9
 0003:0000116C 00000004 C=DATA     S=.data    G=DGROUP   M=Printers ACBP=A9
 0003:00001170 00000450 C=DATA     S=.data    G=DGROUP   M=GraphUtil ACBP=A9
 0003:000015C0 000000F8 C=DATA     S=.data    G=DGROUP   M=Dialogs  ACBP=A9
 0003:000016B8 0000012C C=DATA     S=.data    G=DGROUP   M=Menus    ACBP=A9
 0003:000017E4 00000140 C=DATA     S=.data    G=DGROUP   M=Controls ACBP=A9
 0003:00001924 00000068 C=DATA     S=.data    G=DGROUP   M=Themes   ACBP=A9
 0003:0000198C 00000020 C=DATA     S=.data    G=DGROUP   M=ImgList  ACBP=A9
 0003:000019AC 0000013C C=DATA     S=.data    G=DGROUP   M=Forms    ACBP=A9
 0003:00001AE8 0000003C C=DATA     S=.data    G=DGROUP   M=SqlTimSt ACBP=A9
 0003:00001B24 00000121 C=DATA     S=.data    G=DGROUP   M=FMTBcd   ACBP=A9
 0003:00001C48 00000005 C=DATA     S=.data    G=DGROUP   M=MaskUtils ACBP=A9
 0003:00001C50 00000030 C=DATA     S=.data    G=DGROUP   M=ComObj   ACBP=A9
 0003:00001C80 000001AE C=DATA     S=.data    G=DGROUP   M=DB       ACBP=A9
 0003:00001E30 000000A8 C=DATA     S=.data    G=DGROUP   M=IBCustomDataSet ACBP=A9
 0003:00001ED8 00000018 C=DATA     S=.data    G=DGROUP   M=IBSQLMonitor ACBP=A9
 0003:00001EF0 000001E8 C=DATA     S=.data    G=DGROUP   M=IB       ACBP=A9
 0003:000020D8 000001A0 C=DATA     S=.data    G=DGROUP   M=IBDatabase ACBP=A9
 0003:00002278 00000068 C=DATA     S=.data    G=DGROUP   M=IBServices ACBP=A9
 0003:000022E0 00000040 C=DATA     S=.data    G=DGROUP   M=DCPbase64 ACBP=A9
 0003:00002320 00001078 C=DATA     S=.data    G=DGROUP   M=DCPblowfish ACBP=A9
 0003:00003398 0000002C C=DATA     S=.data    G=DGROUP   M=Buttons  ACBP=A9
 0003:000033C4 000000C4 C=DATA     S=.data    G=DGROUP   M=anfix32  ACBP=A9
 0003:00003488 00000004 C=DATA     S=.data    G=DGROUP   M=UnitFirebirdRestore ACBP=A9
 0004:00000000 000027F4 C=BSS      S=.bss     G=DGROUP   M=System   ACBP=A9
 0004:000027F4 0000000C C=BSS      S=.bss     G=DGROUP   M=SysInit  ACBP=A9
 0004:00002800 00000008 C=BSS      S=.bss     G=DGROUP   M=Windows  ACBP=A9
 0004:00002808 00002108 C=BSS      S=.bss     G=DGROUP   M=SysUtils ACBP=A9
 0004:00004910 0000005C C=BSS      S=.bss     G=DGROUP   M=VarUtils ACBP=A9
 0004:0000496C 00000040 C=BSS      S=.bss     G=DGROUP   M=Variants ACBP=A9
 0004:000049AC 00000004 C=BSS      S=.bss     G=DGROUP   M=TypInfo  ACBP=A9
 0004:000049B0 00000044 C=BSS      S=.bss     G=DGROUP   M=Classes  ACBP=A9
 0004:000049F4 00000008 C=BSS      S=.bss     G=DGROUP   M=HelpIntfs ACBP=A9
 0004:000049FC 00000031 C=BSS      S=.bss     G=DGROUP   M=MultiMon ACBP=A9
 0004:00004A30 0000000C C=BSS      S=.bss     G=DGROUP   M=CommCtrl ACBP=A9
 0004:00004A3C 00000004 C=BSS      S=.bss     G=DGROUP   M=IniFiles ACBP=A9
 0004:00004A40 00000004 C=BSS      S=.bss     G=DGROUP   M=Registry ACBP=A9
 0004:00004A44 00000060 C=BSS      S=.bss     G=DGROUP   M=Graphics ACBP=A9
 0004:00004AA4 000000DC C=BSS      S=.bss     G=DGROUP   M=UxTheme  ACBP=A9
 0004:00004B80 00000010 C=BSS      S=.bss     G=DGROUP   M=DwmApi   ACBP=A9
 0004:00004B90 00000004 C=BSS      S=.bss     G=DGROUP   M=Printers ACBP=A9
 0004:00004B94 00000010 C=BSS      S=.bss     G=DGROUP   M=GraphUtil ACBP=A9
 0004:00004BA4 00000008 C=BSS      S=.bss     G=DGROUP   M=ExtCtrls ACBP=A9
 0004:00004BAC 00000038 C=BSS      S=.bss     G=DGROUP   M=Dialogs  ACBP=A9
 0004:00004BE4 0000000C C=BSS      S=.bss     G=DGROUP   M=Clipbrd  ACBP=A9
 0004:00004BF0 00000034 C=BSS      S=.bss     G=DGROUP   M=FlatSB   ACBP=A9
 0004:00004C24 00000010 C=BSS      S=.bss     G=DGROUP   M=Menus    ACBP=A9
 0004:00004C34 00000088 C=BSS      S=.bss     G=DGROUP   M=Controls ACBP=A9
 0004:00004CBC 0000000C C=BSS      S=.bss     G=DGROUP   M=Themes   ACBP=A9
 0004:00004CC8 00000008 C=BSS      S=.bss     G=DGROUP   M=ImgList  ACBP=A9
 0004:00004CD0 00000004 C=BSS      S=.bss     G=DGROUP   M=ActnList ACBP=A9
 0004:00004CD4 00000031 C=BSS      S=.bss     G=DGROUP   M=Forms    ACBP=A9
 0004:00004D08 00000004 C=BSS      S=.bss     G=DGROUP   M=SqlTimSt ACBP=A9
 0004:00004D0C 00000008 C=BSS      S=.bss     G=DGROUP   M=WideStrings ACBP=A9
 0004:00004D14 00000004 C=BSS      S=.bss     G=DGROUP   M=FMTBcd   ACBP=A9
 0004:00004D18 00000011 C=BSS      S=.bss     G=DGROUP   M=ComObj   ACBP=A9
 0004:00004D2C 00000010 C=BSS      S=.bss     G=DGROUP   M=DB       ACBP=A9
 0004:00004D3C 00000004 C=BSS      S=.bss     G=DGROUP   M=IBCustomDataSet ACBP=A9
 0004:00004D40 0000000C C=BSS      S=.bss     G=DGROUP   M=IBXMLHeader ACBP=A9
 0004:00004D4C 0000005C C=BSS      S=.bss     G=DGROUP   M=IBSQLMonitor ACBP=A9
 0004:00004DA8 0000001D C=BSS      S=.bss     G=DGROUP   M=IB       ACBP=A9
 0004:00004DC8 00000008 C=BSS      S=.bss     G=DGROUP   M=IBUtils  ACBP=A9
 0004:00004DD0 00000020 C=BSS      S=.bss     G=DGROUP   M=IBIntf   ACBP=A9
 0004:00004DF0 00000004 C=BSS      S=.bss     G=DGROUP   M=IBDatabase ACBP=A9
 0004:00004DF4 00000004 C=BSS      S=.bss     G=DGROUP   M=IBServices ACBP=A9
 0004:00004DF8 00000030 C=BSS      S=.bss     G=DGROUP   M=Buttons  ACBP=A9
 0004:00004E28 00000020 C=BSS      S=.bss     G=DGROUP   M=anfix32  ACBP=A9
 0004:00004E48 00000004 C=BSS      S=.bss     G=DGROUP   M=UnitFirebirdRestore ACBP=A9
 0005:00000000 00000008 C=TLS      S=.tls     G=(none)   M=System   ACBP=A9
 0005:00000008 00000008 C=TLS      S=.tls     G=(none)   M=Classes  ACBP=A9
 0005:00000010 00000028 C=TLS      S=.tls     G=(none)   M=GraphUtil ACBP=A9
 0005:00000038 00000050 C=TLS      S=.tls     G=(none)   M=IB       ACBP=A9


  Address             Publics by Name

 0001:000078A4       ActiveX.CoInitialize
 0001:000078B4       ActiveX.CoTaskMemAlloc
 0001:000078BC       ActiveX.CoTaskMemFree
 0001:000078AC       ActiveX.CoUninitialize
 0001:000078CC       ActiveX.GetErrorInfo
 0003:00000800       ActiveX.GUID_NULL
 0001:000078C4       ActiveX.SysFreeString
 0004:00004CD0       ActnList..9
 0001:00058D88       ActnList..TActionLink
 0001:00058960       ActnList..TContainedAction
 0001:00058C80       ActnList..TCustomAction
 0001:00058A84       ActnList..TCustomActionList
 0001:00058B64       ActnList..TShortCutList
 0002:00000680       ActnList.ActnList
 0001:00059C64       ActnList.Finalization
 0001:00059478       ActnList.TActionLink.IsCaptionLinked
 0001:0005948C       ActnList.TActionLink.IsCheckedLinked
 0001:000594A0       ActnList.TActionLink.IsEnabledLinked
 0001:000594B4       ActnList.TActionLink.IsGroupIndexLinked
 0001:000594C8       ActnList.TActionLink.IsHelpContextLinked
 0001:000594DC       ActnList.TActionLink.IsHelpLinked
 0001:000594F0       ActnList.TActionLink.IsHintLinked
 0001:00059504       ActnList.TActionLink.IsImageIndexLinked
 0001:00059518       ActnList.TActionLink.IsShortCutLinked
 0001:0005952C       ActnList.TActionLink.IsVisibleLinked
 0001:00059540       ActnList.TActionLink.SetAutoCheck
 0001:00059544       ActnList.TActionLink.SetCaption
 0001:00059548       ActnList.TActionLink.SetChecked
 0001:0005954C       ActnList.TActionLink.SetEnabled
 0001:00059550       ActnList.TActionLink.SetGroupIndex
 0001:00059554       ActnList.TActionLink.SetHelpContext
 0001:00059558       ActnList.TActionLink.SetHelpKeyword
 0001:0005955C       ActnList.TActionLink.SetHelpType
 0001:00059560       ActnList.TActionLink.SetHint
 0001:00059564       ActnList.TActionLink.SetImageIndex
 0001:00059568       ActnList.TActionLink.SetShortCut
 0001:0005956C       ActnList.TActionLink.SetVisible
 0001:00058E58       ActnList.TContainedAction.Destroy
 0001:00058FC4       ActnList.TContainedAction.Execute
 0001:00058E8C       ActnList.TContainedAction.GetIndex
 0001:00058EA8       ActnList.TContainedAction.GetParentComponent
 0001:00058EB8       ActnList.TContainedAction.HasParent
 0001:00058EA4       ActnList.TContainedAction.IsCategoryStored
 0001:00058EC8       ActnList.TContainedAction.ReadState
 0001:00058F70       ActnList.TContainedAction.SetActionList
 0001:00058F44       ActnList.TContainedAction.SetCategory
 0001:00058EFC       ActnList.TContainedAction.SetIndex
 0001:00058F98       ActnList.TContainedAction.SetParentComponent
 0001:0005901C       ActnList.TContainedAction.Update
 0001:00059614       ActnList.TCustomAction.AssignTo
 0001:00059570       ActnList.TCustomAction.Create
 0001:000595C4       ActnList.TCustomAction.Destroy
 0001:00059B34       ActnList.TCustomAction.DoHint
 0001:00059B5C       ActnList.TCustomAction.Execute
 0001:00059BC0       ActnList.TCustomAction.GetSecondaryShortCuts
 0001:00059BE8       ActnList.TCustomAction.HandleShortCut
 0001:000596C4       ActnList.TCustomAction.SetCaption
 0001:00059724       ActnList.TCustomAction.SetChecked
 0001:0005982C       ActnList.TCustomAction.SetEnabled
 0001:00059910       ActnList.TCustomAction.SetHelpContext
 0001:000598A8       ActnList.TCustomAction.SetHelpKeyword
 0001:00059968       ActnList.TCustomAction.SetHint
 0001:000599C8       ActnList.TCustomAction.SetImageIndex
 0001:00059AE8       ActnList.TCustomAction.SetName
 0001:00059A24       ActnList.TCustomAction.SetShortCut
 0001:00059A88       ActnList.TCustomAction.SetVisible
 0001:0005924C       ActnList.TCustomActionList.AddAction
 0001:00059288       ActnList.TCustomActionList.Change
 0001:00059074       ActnList.TCustomActionList.Create
 0001:000590E0       ActnList.TCustomActionList.Destroy
 0001:00059394       ActnList.TCustomActionList.ExecuteAction
 0001:000591A8       ActnList.TCustomActionList.GetAction
 0001:000591BC       ActnList.TCustomActionList.GetActionCount
 0001:00059130       ActnList.TCustomActionList.GetChildren
 0001:000591F8       ActnList.TCustomActionList.ImageListChange
 0001:000592F0       ActnList.TCustomActionList.IsShortCut
 0001:00059204       ActnList.TCustomActionList.Notification
 0001:0005926C       ActnList.TCustomActionList.RemoveAction
 0001:00059178       ActnList.TCustomActionList.SetChildOrder
 0001:000591C4       ActnList.TCustomActionList.SetImages
 0001:000593D4       ActnList.TCustomActionList.SetState
 0001:000593B4       ActnList.TCustomActionList.UpdateAction
 0001:00059BF4       ActnList.TShortCutList.Add
 0001:00059C20       ActnList.TShortCutList.IndexOfShortCut
 0004:00004E28       anfix32..5
 0002:00000940       anfix32.anfix32
 0001:000973C8       anfix32.AppendStringsToFile
 0004:00004E3C       anfix32.ClockStart
 0003:0000340C       anfix32.cMonatNamenLang
 0003:0000343C       anfix32.cMonatWeb
 0003:000033D0       anfix32.cNachfrage
 0003:0000346C       anfix32.CPUUsageInit
 0003:000033C4       anfix32.cRevNotAValidProject
 0003:000033D4       anfix32.cTageNamenKurz
 0003:000033F0       anfix32.cTageNamenLang
 0001:00096D00       anfix32.cutblank
 0001:00096DBC       anfix32.cutrblank
 0001:000972C4       anfix32.DoIt
 0001:00096B64       anfix32.ersetze
 0001:00096B10       anfix32.ExtractFilePath
 0001:00097280       anfix32.FileEmpty
 0001:000975EC       anfix32.Finalization
 0001:0009703C       anfix32.FisNetwork
 0001:00097470       anfix32.HexStr2Bin
 0001:00096EFC       anfix32.IsParam
 0003:000033C8       anfix32.MandantName
 0001:00097190       anfix32.NextP
 0001:00096C88       anfix32.noblank
 0001:0009718C       anfix32.RDTSC
 0001:000970E8       anfix32.ReleaseCPUData
 0001:00096E54       anfix32.RevToStr
 0001:00097550       anfix32.StartDebug
 0003:000033CC       anfix32.StartDebugger
 0004:00004E44       anfix32.TickStart
 0003:00003478       anfix32._ComputerName
 0003:00003474       anfix32._Domain
 0004:00004E30       anfix32._IsWinNT
 0004:00004E2C       anfix32._PerfData
 0003:00003480       anfix32._perfFName
 0003:0000347C       anfix32._ProgramFilesDir
 0003:00003484       anfix32._Step
 0003:00003470       anfix32._UserName
 0004:00004E31       anfix32._W9xCollecting
 0004:00004E38       anfix32._W9xCpuKey
 0004:00004E34       anfix32._W9xCpuUsage
 0004:00004DF8       Buttons..5
 0003:00003398       Buttons.BitBtnCaptions
 0004:00004DFC       Buttons.BitBtnGlyphs
 0002:00000918       Buttons.Buttons
 0001:000967F4       Buttons.DestroyLocals
 0001:0009688C       Buttons.Finalization
 0004:000049BC       Classes..95
 0001:0001A730       Classes..EBitsError
 0001:0001A620       Classes..EClassNotFound
 0001:0001A7E8       Classes..EComponentError
 0001:0001A464       Classes..EFCreateError
 0001:0001A518       Classes..EFilerError
 0001:0001A404       Classes..EFileStreamError
 0001:0001A4C0       Classes..EFOpenError
 0001:0001A8A0       Classes..EInvalidOperation
 0001:0001A6D8       Classes..EListError
 0001:0001A844       Classes..EOutOfResources
 0001:0001A570       Classes..EReadError
 0001:0001A67C       Classes..EResNotFound
 0001:0001A3A8       Classes..EStreamError
 0001:0001A788       Classes..EStringListError
 0001:0001B6DC       Classes..EThread
 0001:0001A5C8       Classes..EWriteError
 0001:0001BA60       Classes..TBasicAction
 0001:0001B9E0       Classes..TBasicActionLink
 0001:0001A9BC       Classes..TBits
 0001:0001B588       Classes..TClassFinder
 0001:0001AC6C       Classes..TCollection
 0001:0001ABB4       Classes..TCollectionItem
 0001:0001B880       Classes..TComponent
 0001:0001B1F4       Classes..TCustomMemoryStream
 0001:0001B5E4       Classes..TFiler
 0001:0001B16C       Classes..TFileStream
 0001:0001B0F4       Classes..THandleStream
 0001:0001C908       Classes..TIntConst
 0001:0001AB00       Classes..TInterfacedPersistent
 0001:0001A900       Classes..TList
 0001:0001B270       Classes..TMemoryStream
 0001:0001AD40       Classes..TOwnedCollection
 0001:0001AA10       Classes..TPersistent
 0001:000203B8       Classes..TPropFixup
 0001:00020430       Classes..TPropIntfFixup
 0001:0001B648       Classes..TReader
 0001:0001BBE4       Classes..TRegGroup
 0001:0001BC3C       Classes..TRegGroups
 0001:0001B374       Classes..TResourceStream
 0001:0001B084       Classes..TStream
 0001:0001B500       Classes..TStreamAdapter
 0001:0001AF6C       Classes..TStringList
 0001:0001AE34       Classes..TStrings
 0001:0001B2EC       Classes..TStringStream
 0001:0001B730       Classes..TThread
 0001:0001A964       Classes..TThreadList
 0001:0001C8AC       Classes.ActivateClassGroup
 0003:00000CDC       Classes.AddDataModule
 0001:00020690       Classes.AddFinished
 0001:000206C8       Classes.AddNotFinished
 0001:0002123C       Classes.AddSubComponentsToLoaded
 0001:000238A4       Classes.AddThread
 0001:0002521C       Classes.AllocateHWnd
 0003:00000CEC       Classes.ApplicationHandleException
 0003:00000CF4       Classes.ApplicationShowException
 0001:0001CC04       Classes.BeginGlobalLoading
 0001:00023790       Classes.BinToHex
 0003:00000D94       Classes.BlockCode
 0001:0001BBA8       Classes.Bounds
 0001:00025158       Classes.CalcJmpOffset
 0001:00021278       Classes.CheckSubComponents
 0001:000238BC       Classes.CheckSynchronize
 0002:000001F8       Classes.Classes
 0001:0001C670       Classes.ClassNotFound
 0001:00021358       Classes.ComponentCreated
 0003:00000D10       Classes.Convert
 0003:00000D20       Classes.Convert
 0001:000213D8       Classes.CreateComponent
 0001:000252D0       Classes.DeallocateHWnd
 0001:00023858       Classes.DoneThreadSynchronization
 0001:0001E254       Classes.DoWrite
 0001:0001CC8C       Classes.EndGlobalLoading
 0001:0001C210       Classes.Error
 0001:000201F0       Classes.Error
 0003:00000D04       Classes.FilerSignature
 0001:000252F8       Classes.Finalization
 0001:0001C730       Classes.FindClass
 0001:00021588       Classes.FindExistingComponent
 0001:0001CB1C       Classes.FindGlobalComponent
 0004:000049C8       Classes.FindGlobalComponentProcs
 0001:0001C9C4       Classes.FindIdentToInt
 0001:000205C4       Classes.FindNestedComponent
 0001:0002252C       Classes.FindUniqueName
 0001:000250C4       Classes.FreeIntConstList
 0001:000251F8       Classes.FreeObjectInstance
 0001:0001C6DC       Classes.GetClass
 0001:0001D82C       Classes.GetDesigner
 0001:0001C664       Classes.GetFieldClassTable
 0004:000049CC       Classes.GlobalFixupList
 0001:00020710       Classes.GlobalFixupReferences
 0005:0000000C       Classes.GlobalLists
 0005:00000008       Classes.GlobalLoaded
 0004:000049B0       Classes.GlobalNameSpace
 0001:0001C858       Classes.GroupDescendentsWith
 0001:00021CFC       Classes.HandleException
 0001:000237CC       Classes.HexToBin
 0001:0001CA40       Classes.IdentToInt
 0001:0001CCE8       Classes.InitComponent
 0001:0001CD90       Classes.InitInheritedComponent
 0001:00023824       Classes.InitThreadSynchronization
 0004:000049EC       Classes.InstBlockList
 0004:000049F0       Classes.InstFreeList
 0004:000049C0       Classes.IntConstList
 0001:0001CB80       Classes.InternalReadComponentRes
 0001:0001CA80       Classes.IntToIdent
 0001:0001BBD0       Classes.InvalidPoint
 0001:0001CB5C       Classes.IsUniqueGlobalComponentName
 0004:000049B4       Classes.IsUniqueGlobalComponentNameProc
 0001:00025160       Classes.MakeObjectInstance
 0001:0001D450       Classes.Min
 0001:00025130       Classes.ModuleUnload
 0003:00000D08       Classes.NilMethod
 0001:0001D8CC       Classes.NotifyDesigner
 0001:0001CC5C       Classes.NotifyGlobalLoading
 0001:0001BB58       Classes.Point
 0001:0001BF9C       Classes.PointerInModule
 0001:00020A30       Classes.PropertyNotFound
 0001:00021DFC       Classes.PropPathError
 0001:00020A24       Classes.PropValueError
 0001:0001F8A8       Classes.RaiseException
 0001:000230E0       Classes.ReadCustomVariant
 0001:00020A0C       Classes.ReadError
 0001:00021378       Classes.Recover
 0001:0001BB80       Classes.Rect
 0004:000049C4       Classes.RegGroups
 0001:0001C750       Classes.RegisterClass
 0001:0001CAC4       Classes.RegisterFindGlobalComponentProc
 0001:0001C998       Classes.RegisterIntegerConsts
 0003:00000CE4       Classes.RemoveDataModule
 0001:000208DC       Classes.RemoveFixupReferences
 0001:00020988       Classes.RemoveFixups
 0001:00020D20       Classes.RemoveGlobalFixup
 0001:000238B0       Classes.RemoveThread
 0001:00023870       Classes.ResetSyncEvent
 0001:0001CF20       Classes.ReturnAddr
 0001:0001E3B4       Classes.ReturnAddr
 0001:000214E8       Classes.SetCompName
 0001:00020A5C       Classes.SetElementValue
 0001:00022154       Classes.SetInterfaceReference
 0001:00022070       Classes.SetIntIdent
 0001:000220B8       Classes.SetObjectIdent
 0001:000212F0       Classes.SetSubComponentState
 0001:000220F8       Classes.SetVariantReference
 0001:00023898       Classes.SignalSyncEvent
 0001:00022C00       Classes.SkipBinary
 0001:00022C30       Classes.SkipCollection
 0001:00022BD8       Classes.SkipList
 0001:0001BB70       Classes.SmallPoint
 0001:0001C80C       Classes.StartClassGroup
 0001:00025138       Classes.StdWndProc
 0001:0001F6D0       Classes.StringListCompareStrings
 0004:000049B8       Classes.SyncEvent
 0003:00000D90       Classes.SyncList
 0001:00024B30       Classes.TBasicAction.Change
 0001:000249C4       Classes.TBasicAction.Create
 0001:00024A08       Classes.TBasicAction.Destroy
 0001:00024A9C       Classes.TBasicAction.Execute
 0001:00024A6C       Classes.TBasicAction.ExecuteTarget
 0001:00024A68       Classes.TBasicAction.HandlesTarget
 0001:00024A70       Classes.TBasicAction.Notification
 0001:00024B44       Classes.TBasicAction.RegisterChanges
 0001:00024B90       Classes.TBasicAction.SetActionComponent
 0001:00024AD4       Classes.TBasicAction.SetOnExecute
 0001:00024B50       Classes.TBasicAction.UnRegisterChanges
 0001:00024AB8       Classes.TBasicAction.Update
 0001:00024A98       Classes.TBasicAction.UpdateTarget
 0001:00024914       Classes.TBasicActionLink.AssignClient
 0001:0002494C       Classes.TBasicActionLink.Change
 0001:000248D0       Classes.TBasicActionLink.Create
 0001:00024918       Classes.TBasicActionLink.Destroy
 0001:00024964       Classes.TBasicActionLink.Execute
 0001:000249AC       Classes.TBasicActionLink.IsOnExecuteLinked
 0001:00024980       Classes.TBasicActionLink.SetAction
 0001:000249B0       Classes.TBasicActionLink.SetOnExecute
 0001:000249B8       Classes.TBasicActionLink.Update
 0001:0001D408       Classes.TBits.Destroy
 0001:0001D438       Classes.TBits.Error
 0001:0001D52C       Classes.TBits.OpenBit
 0001:0001D500       Classes.TBits.SetBit
 0001:0001D45C       Classes.TBits.SetSize
 0001:0001C480       Classes.TClassFinder.Create
 0001:0001C5AC       Classes.TClassFinder.Destroy
 0001:0001C5DC       Classes.TClassFinder.GetClass
 0001:0001DBAC       Classes.TCollection.Add
 0001:0001DFE0       Classes.TCollection.Added
 0001:0001DBCC       Classes.TCollection.Assign
 0001:0001DC64       Classes.TCollection.BeginUpdate
 0001:0001DC68       Classes.TCollection.Changed
 0001:0001DC78       Classes.TCollection.Clear
 0001:0001DB14       Classes.TCollection.Create
 0001:0001DFE4       Classes.TCollection.Deleting
 0001:0001DB60       Classes.TCollection.Destroy
 0001:0001DCE0       Classes.TCollection.EndUpdate
 0001:0001DCF0       Classes.TCollection.GetAttr
 0001:0001DCEC       Classes.TCollection.GetAttrCount
 0001:0001DD1C       Classes.TCollection.GetCount
 0001:0001DD24       Classes.TCollection.GetItem
 0001:0001DCFC       Classes.TCollection.GetItemAttr
 0001:0001DD38       Classes.TCollection.GetNamePath
 0001:0001DE00       Classes.TCollection.GetPropName
 0001:0001DF1C       Classes.TCollection.InsertItem
 0001:0001DFE8       Classes.TCollection.Notify
 0001:0001DF84       Classes.TCollection.RemoveItem
 0001:0001DFD8       Classes.TCollection.SetItemName
 0001:0001DFDC       Classes.TCollection.Update
 0001:0001D998       Classes.TCollectionItem.Changed
 0001:0001D930       Classes.TCollectionItem.Create
 0001:0001D968       Classes.TCollectionItem.Destroy
 0001:0001D9D4       Classes.TCollectionItem.GetDisplayName
 0001:0001D9BC       Classes.TCollectionItem.GetIndex
 0001:0001D9FC       Classes.TCollectionItem.GetNamePath
 0001:0001DAB0       Classes.TCollectionItem.GetOwner
 0001:0001DAB4       Classes.TCollectionItem.SetCollection
 0001:0001DADC       Classes.TCollectionItem.SetDisplayName
 0001:0001DAE4       Classes.TCollectionItem.SetIndex
 0001:00024168       Classes.TComponent.BeforeDestruction
 0001:000246A0       Classes.TComponent.ChangeName
 0001:000240A0       Classes.TComponent.Create
 0001:00024430       Classes.TComponent.DefineProperties
 0001:000240EC       Classes.TComponent.Destroy
 0001:000242F8       Classes.TComponent.DestroyComponents
 0001:00024354       Classes.TComponent.Destroying
 0001:000247DC       Classes.TComponent.ExecuteAction
 0001:000245C0       Classes.TComponent.FindComponent
 0001:00024174       Classes.TComponent.FreeNotification
 0001:000244C4       Classes.TComponent.GetChildOwner
 0001:000244C8       Classes.TComponent.GetChildParent
 0001:000244BC       Classes.TComponent.GetChildren
 0001:000246B4       Classes.TComponent.GetComponent
 0001:000246E0       Classes.TComponent.GetComponentCount
 0001:000244CC       Classes.TComponent.GetNamePath
 0001:000244E0       Classes.TComponent.GetOwner
 0001:000244E8       Classes.TComponent.GetParentComponent
 0001:000244B8       Classes.TComponent.HasParent
 0001:00024208       Classes.TComponent.Insert
 0001:0002425C       Classes.TComponent.InsertComponent
 0001:000248CC       Classes.TComponent.IntfGetComponent
 0001:00024508       Classes.TComponent.Loaded
 0001:000243D0       Classes.TComponent.Notification
 0001:00024514       Classes.TComponent.PaletteCreated
 0001:0002484C       Classes.TComponent.QueryInterface
 0001:000241C8       Classes.TComponent.ReadLeft
 0001:00024518       Classes.TComponent.ReadState
 0001:000241DC       Classes.TComponent.ReadTop
 0001:00024234       Classes.TComponent.Remove
 0001:000242C0       Classes.TComponent.RemoveComponent
 0001:000243B4       Classes.TComponent.RemoveFreeNotification
 0001:00024390       Classes.TComponent.RemoveNotification
 0001:0002482C       Classes.TComponent.SafeCallException
 0001:000244E4       Classes.TComponent.SetChildOrder
 0001:000246F0       Classes.TComponent.SetComponentIndex
 0001:00024744       Classes.TComponent.SetDesigning
 0001:00024610       Classes.TComponent.SetName
 0001:000244EC       Classes.TComponent.SetParentComponent
 0001:00024794       Classes.TComponent.SetReference
 0001:00024804       Classes.TComponent.UpdateAction
 0001:000244FC       Classes.TComponent.Updated
 0001:00024844       Classes.TComponent.UpdateRegistry
 0001:000244F0       Classes.TComponent.Updating
 0001:000245A8       Classes.TComponent.ValidateContainer
 0001:000245BC       Classes.TComponent.ValidateInsert
 0001:00024528       Classes.TComponent.ValidateRename
 0001:000241F0       Classes.TComponent.WriteLeft
 0001:00024520       Classes.TComponent.WriteState
 0001:000241FC       Classes.TComponent.WriteTop
 0001:0002488C       Classes.TComponent._AddRef
 0001:000248AC       Classes.TComponent._Release
 0001:0001FE64       Classes.TCustomMemoryStream.Read
 0001:0001FE9C       Classes.TCustomMemoryStream.Seek
 0001:0001FE5C       Classes.TCustomMemoryStream.SetPointer
 0001:00020344       Classes.TFiler.Create
 0001:0002038C       Classes.TFiler.Destroy
 0001:000203B4       Classes.TFiler.SetRoot
 0001:0001FCB4       Classes.TFileStream.Create
 0001:0001FC70       Classes.TFileStream.Create
 0001:0001FE28       Classes.TFileStream.Destroy
 0001:0001FBAC       Classes.THandleStream.Create
 0001:0001FBE8       Classes.THandleStream.Read
 0001:0001FC08       Classes.THandleStream.Seek
 0001:0001FC48       Classes.THandleStream.SetSize
 0001:0001FC34       Classes.THandleStream.SetSize
 0001:0001FBF8       Classes.THandleStream.Write
 0004:000049E8       Classes.ThreadCount
 0004:000049D0       Classes.ThreadLock
 0001:00023A94       Classes.ThreadProc
 0001:0001C960       Classes.TIntConst.Create
 0001:0001D774       Classes.TInterfacedPersistent.AfterConstruction
 0001:0001D804       Classes.TInterfacedPersistent.QueryInterface
 0001:0001D7C4       Classes.TInterfacedPersistent._AddRef
 0001:0001D7E4       Classes.TInterfacedPersistent._Release
 0001:0001CE78       Classes.TList.Add
 0001:0001CEAC       Classes.TList.Clear
 0001:0001CEC4       Classes.TList.Delete
 0001:0001CE58       Classes.TList.Destroy
 0001:0001CF5C       Classes.TList.Error
 0001:0001CF24       Classes.TList.Error
 0001:0001CFB0       Classes.TList.Expand
 0001:0001CFC8       Classes.TList.First
 0001:0001CFD0       Classes.TList.Get
 0001:0001CFF8       Classes.TList.Grow
 0001:0001D02C       Classes.TList.IndexOf
 0001:0001D04C       Classes.TList.Insert
 0001:0001D0B8       Classes.TList.Last
 0001:0001D0C4       Classes.TList.Move
 0001:0001D23C       Classes.TList.Notify
 0001:0001D11C       Classes.TList.Put
 0001:0001D16C       Classes.TList.Remove
 0001:0001D18C       Classes.TList.SetCapacity
 0001:0001D1C8       Classes.TList.SetCount
 0001:0001FEEC       Classes.TMemoryStream.Clear
 0001:0001FEC0       Classes.TMemoryStream.Destroy
 0001:0001FF04       Classes.TMemoryStream.LoadFromStream
 0001:0001FF90       Classes.TMemoryStream.Realloc
 0001:0001FF3C       Classes.TMemoryStream.SetCapacity
 0001:0001FF64       Classes.TMemoryStream.SetSize
 0001:00020010       Classes.TMemoryStream.Write
 0001:0001E00C       Classes.TOwnedCollection.Create
 0001:0001E050       Classes.TOwnedCollection.GetOwner
 0001:0001D5D0       Classes.TPersistent.Assign
 0001:0001D5E4       Classes.TPersistent.AssignError
 0001:0001D6B4       Classes.TPersistent.AssignTo
 0001:0001D6BC       Classes.TPersistent.DefineProperties
 0001:0001D5A4       Classes.TPersistent.Destroy
 0001:0001D6C0       Classes.TPersistent.GetNamePath
 0001:0001D770       Classes.TPersistent.GetOwner
 0001:00020490       Classes.TPropFixup.Create
 0001:000204E8       Classes.TPropFixup.MakeGlobalReference
 0001:00020530       Classes.TPropFixup.ResolveReference
 0001:00020540       Classes.TPropIntfFixup.ResolveReference
 0001:00020AB0       Classes.TReader.CheckValue
 0001:00020B10       Classes.TReader.DefineBinaryProperty
 0001:00020AD4       Classes.TReader.DefineProperty
 0001:00020A74       Classes.TReader.Destroy
 0001:00020D9C       Classes.TReader.DoFixupReferences
 0001:00020BF8       Classes.TReader.EndOfList
 0001:00020C0C       Classes.TReader.Error
 0001:00022F2C       Classes.TReader.FindAncestorComponent
 0001:00023024       Classes.TReader.FindComponentClass
 0001:00020CB8       Classes.TReader.FindMethod
 0001:00020C30       Classes.TReader.FindMethodInstance
 0001:00020EE0       Classes.TReader.FlushBuffer
 0001:00020F04       Classes.TReader.FreeFixups
 0001:00020F40       Classes.TReader.GetFieldClass
 0001:00020FD8       Classes.TReader.GetPosition
 0001:00020FF0       Classes.TReader.NextValue
 0001:00021000       Classes.TReader.PropertyError
 0001:00021014       Classes.TReader.Read
 0001:0002109C       Classes.TReader.ReadBoolean
 0001:00021060       Classes.TReader.ReadBuffer
 0001:000210B0       Classes.TReader.ReadChar
 0001:0002116C       Classes.TReader.ReadCollection
 0001:0002162C       Classes.TReader.ReadComponent
 0001:00021A6C       Classes.TReader.ReadCurrency
 0001:0002186C       Classes.TReader.ReadData
 0001:000218DC       Classes.TReader.ReadDataInner
 0001:00021ABC       Classes.TReader.ReadDate
 0001:000219E4       Classes.TReader.ReadDouble
 0001:000219AC       Classes.TReader.ReadFloat
 0001:00021B00       Classes.TReader.ReadIdent
 0001:00021C68       Classes.TReader.ReadInt64
 0001:00021BFC       Classes.TReader.ReadInteger
 0001:00021CAC       Classes.TReader.ReadListBegin
 0001:00021CB4       Classes.TReader.ReadListEnd
 0001:00021CBC       Classes.TReader.ReadPrefix
 0001:00021E18       Classes.TReader.ReadProperty
 0001:00022214       Classes.TReader.ReadPropValue
 0001:0002258C       Classes.TReader.ReadRootComponent
 0001:000228C0       Classes.TReader.ReadSet
 0001:0002297C       Classes.TReader.ReadSignature
 0001:00021A28       Classes.TReader.ReadSingle
 0001:000229A0       Classes.TReader.ReadStr
 0001:000229DC       Classes.TReader.ReadString
 0001:00022B7C       Classes.TReader.ReadValue
 0001:000232A8       Classes.TReader.ReadVariant
 0001:00021110       Classes.TReader.ReadWideChar
 0001:00022A98       Classes.TReader.ReadWideString
 0001:00022FE4       Classes.TReader.ReferenceName
 0001:00022FFC       Classes.TReader.SetName
 0001:00023098       Classes.TReader.SkipBytes
 0001:00022E84       Classes.TReader.SkipComponent
 0001:00022E3C       Classes.TReader.SkipProperty
 0001:00022B90       Classes.TReader.SkipSetBody
 0001:00022C8C       Classes.TReader.SkipValue
 0001:0001BC94       Classes.TRegGroup.AddClass
 0001:0001BCA0       Classes.TRegGroup.BestClass
 0001:0001BD00       Classes.TRegGroup.BestGroup
 0001:0001BD70       Classes.TRegGroup.Create
 0001:0001BDCC       Classes.TRegGroup.Destroy
 0001:0001BE0C       Classes.TRegGroup.GetClass
 0001:0001BE74       Classes.TRegGroup.InGroup
 0001:0001BEB8       Classes.TRegGroup.RegisterClass
 0001:0001BF78       Classes.TRegGroup.Registered
 0001:0001BFBC       Classes.TRegGroup.UnregisterModuleClasses
 0001:0001C068       Classes.TRegGroups.Activate
 0001:0001C0B4       Classes.TRegGroups.Create
 0001:0001C128       Classes.TRegGroups.Destroy
 0001:0001C188       Classes.TRegGroups.FindGroup
 0001:0001C1CC       Classes.TRegGroups.GetClass
 0001:0001C2A0       Classes.TRegGroups.GroupWith
 0001:0001C36C       Classes.TRegGroups.Lock
 0001:0001C378       Classes.TRegGroups.RegisterClass
 0001:0001C390       Classes.TRegGroups.Registered
 0001:0001C3D4       Classes.TRegGroups.StartGroup
 0001:0001C424       Classes.TRegGroups.Unlock
 0001:0001C430       Classes.TRegGroups.UnregisterModuleClasses
 0001:00020198       Classes.TResourceStream.Create
 0001:000202FC       Classes.TResourceStream.Destroy
 0001:00020290       Classes.TResourceStream.Initialize
 0001:0002032C       Classes.TResourceStream.Write
 0001:0001FA58       Classes.TStream.CopyFrom
 0001:0001F7BC       Classes.TStream.GetPosition
 0001:0001F7F0       Classes.TStream.GetSize
 0001:0001F9E8       Classes.TStream.ReadBuffer
 0001:0001FB4C       Classes.TStream.ReadComponent
 0001:0001F8F4       Classes.TStream.Seek
 0001:0001F978       Classes.TStream.Seek
 0001:0001F7DC       Classes.TStream.SetPosition
 0001:0001F83C       Classes.TStream.SetSize
 0001:0001F854       Classes.TStream.SetSize
 0001:0001F840       Classes.TStream.SetSize64
 0001:0001FA20       Classes.TStream.WriteBuffer
 0001:000250AC       Classes.TStreamAdapter.Clone
 0001:00025000       Classes.TStreamAdapter.Commit
 0001:00024DF8       Classes.TStreamAdapter.CopyTo
 0001:00024BBC       Classes.TStreamAdapter.Create
 0001:00024C08       Classes.TStreamAdapter.Destroy
 0001:00025018       Classes.TStreamAdapter.LockRegion
 0001:00024C40       Classes.TStreamAdapter.Read
 0001:0002500C       Classes.TStreamAdapter.Revert
 0001:00024D10       Classes.TStreamAdapter.Seek
 0001:00024D94       Classes.TStreamAdapter.SetSize
 0001:00025030       Classes.TStreamAdapter.Stat
 0001:00025024       Classes.TStreamAdapter.UnlockRegion
 0001:00024CA8       Classes.TStreamAdapter.Write
 0001:0001F13C       Classes.TStringList.Add
 0001:0001F14C       Classes.TStringList.AddObject
 0001:0001F1B0       Classes.TStringList.Changed
 0001:0001F1CC       Classes.TStringList.Changing
 0001:0001F1E8       Classes.TStringList.Clear
 0001:0001F738       Classes.TStringList.CompareStrings
 0001:0001F700       Classes.TStringList.CustomSort
 0001:0001F228       Classes.TStringList.Delete
 0001:0001F0E0       Classes.TStringList.Destroy
 0001:0001F294       Classes.TStringList.Exchange
 0001:0001F2F0       Classes.TStringList.ExchangeItems
 0001:0001F314       Classes.TStringList.Find
 0001:0001F398       Classes.TStringList.Get
 0001:0001F3CC       Classes.TStringList.GetCapacity
 0001:0001F3D0       Classes.TStringList.GetCount
 0001:0001F3D4       Classes.TStringList.GetObject
 0001:0001F3FC       Classes.TStringList.Grow
 0001:0001F430       Classes.TStringList.IndexOf
 0001:0001F46C       Classes.TStringList.Insert
 0001:0001F4D0       Classes.TStringList.InsertItem
 0001:0001F47C       Classes.TStringList.InsertObject
 0001:0001F54C       Classes.TStringList.Put
 0001:0001F5A8       Classes.TStringList.PutObject
 0001:0001F5E8       Classes.TStringList.QuickSort
 0001:0001F67C       Classes.TStringList.SetCapacity
 0001:0001F698       Classes.TStringList.SetSorted
 0001:0001F6B8       Classes.TStringList.SetUpdateState
 0001:0001F6F0       Classes.TStringList.Sort
 0001:0001E084       Classes.TStrings.Add
 0001:0001E0A8       Classes.TStrings.AddObject
 0001:0001E0CC       Classes.TStrings.AddStrings
 0001:0001E184       Classes.TStrings.Assign
 0001:0001E23C       Classes.TStrings.BeginUpdate
 0001:0001F068       Classes.TStrings.CompareStrings
 0001:0001E2AC       Classes.TStrings.DefineProperties
 0001:0001E054       Classes.TStrings.Destroy
 0001:0001E2F8       Classes.TStrings.EndUpdate
 0001:0001E30C       Classes.TStrings.Equals
 0001:0001E3F0       Classes.TStrings.Error
 0001:0001E3B8       Classes.TStrings.Error
 0001:0001E448       Classes.TStrings.Exchange
 0001:0001E534       Classes.TStrings.ExtractName
 0001:0001E5B0       Classes.TStrings.GetCapacity
 0001:0001EF6C       Classes.TStrings.GetDelimiter
 0001:0001EF84       Classes.TStrings.GetLineBreak
 0001:0001E5B8       Classes.TStrings.GetName
 0001:0001F0AC       Classes.TStrings.GetNameValueSeparator
 0001:0001E618       Classes.TStrings.GetObject
 0001:0001EFB8       Classes.TStrings.GetQuoteChar
 0001:0001EFD0       Classes.TStrings.GetStrictDelimiter
 0001:0001E61C       Classes.TStrings.GetText
 0001:0001E670       Classes.TStrings.GetTextStr
 0001:0001E7A8       Classes.TStrings.IndexOf
 0001:0001E834       Classes.TStrings.IndexOfName
 0001:0001E908       Classes.TStrings.IndexOfObject
 0001:0001E93C       Classes.TStrings.InsertObject
 0001:0001E96C       Classes.TStrings.LoadFromFile
 0001:0001E9C0       Classes.TStrings.LoadFromStream
 0001:0001EA6C       Classes.TStrings.Move
 0001:0001EB1C       Classes.TStrings.Put
 0001:0001EB4C       Classes.TStrings.PutObject
 0001:0001EB50       Classes.TStrings.ReadData
 0001:0001EC00       Classes.TStrings.SaveToFile
 0001:0001EC58       Classes.TStrings.SaveToStream
 0001:0001ECB8       Classes.TStrings.SetCapacity
 0001:0001EFE8       Classes.TStrings.SetDelimiter
 0001:0001F004       Classes.TStrings.SetLineBreak
 0001:0001F0C4       Classes.TStrings.SetNameValueSeparator
 0001:0001F030       Classes.TStrings.SetQuoteChar
 0001:0001F04C       Classes.TStrings.SetStrictDelimiter
 0001:0001ECBC       Classes.TStrings.SetStringsAdapter
 0001:0001ECF0       Classes.TStrings.SetText
 0001:0001ED40       Classes.TStrings.SetTextStr
 0001:0001EEE4       Classes.TStrings.SetUpdateState
 0001:0001EEE8       Classes.TStrings.WriteData
 0001:00020060       Classes.TStringStream.Create
 0001:000200A4       Classes.TStringStream.Read
 0001:0002011C       Classes.TStringStream.Seek
 0001:0002017C       Classes.TStringStream.SetSize
 0001:000200E4       Classes.TStringStream.Write
 0001:00023C80       Classes.TThread.AfterConstruction
 0001:00023D20       Classes.TThread.CallOnTerminate
 0001:00023D08       Classes.TThread.CheckThreadError
 0001:00023C8C       Classes.TThread.CheckThreadError
 0001:00023B3C       Classes.TThread.Create
 0001:00023C0C       Classes.TThread.Destroy
 0001:00023D34       Classes.TThread.DoTerminate
 0001:00023D48       Classes.TThread.RemoveQueuedEvents
 0001:00023FCC       Classes.TThread.Resume
 0001:00023E08       Classes.TThread.Synchronize
 0001:00023FA4       Classes.TThread.Synchronize
 0001:00023FF4       Classes.TThread.Terminate
 0001:00023FFC       Classes.TThread.WaitFor
 0001:0001D310       Classes.TThreadList.Add
 0001:0001D240       Classes.TThreadList.Create
 0001:0001D294       Classes.TThreadList.Destroy
 0001:0001D398       Classes.TThreadList.LockList
 0001:0001D3AC       Classes.TThreadList.Remove
 0001:0001D3FC       Classes.TThreadList.UnlockList
 0001:000234C8       Classes.TWriter.Write
 0001:0002352C       Classes.TWriter.WriteBoolean
 0001:00023514       Classes.TWriter.WriteBuffer
 0001:00023540       Classes.TWriter.WriteInteger
 0001:000235B4       Classes.TWriter.WriteListBegin
 0001:000235BC       Classes.TWriter.WriteListEnd
 0001:000235C4       Classes.TWriter.WriteMinStr
 0001:00023670       Classes.TWriter.WriteString
 0001:0002377C       Classes.TWriter.WriteValue
 0001:000236C4       Classes.TWriter.WriteWideString
 0001:0001CB04       Classes.UnregisterFindGlobalComponentProc
 0001:0001C7C0       Classes.UnRegisterModuleClasses
 0003:00000D98       Classes.UtilWindowClass
 0001:0002387C       Classes.WaitForSyncEvent
 0003:00000CFC       Classes.WakeMainThread
 0004:00004BE8       Clipbrd..2
 0004:00004BE6       Clipbrd.CF_COMPONENT
 0004:00004BE4       Clipbrd.CF_PICTURE
 0002:000004F8       Clipbrd.Clipbrd
 0004:00004BEC       Clipbrd.FClipboard
 0001:0003AA60       Clipbrd.Finalization
 0004:00004A30       CommCtrl.ComCtl32DLL
 0001:00027098       CommCtrl.ImageList_Add
 0001:000270C8       CommCtrl.ImageList_BeginDrag
 0001:00027078       CommCtrl.ImageList_Create
 0001:00027080       CommCtrl.ImageList_Destroy
 0001:000270D8       CommCtrl.ImageList_DragEnter
 0001:000270E0       CommCtrl.ImageList_DragLeave
 0001:000270E8       CommCtrl.ImageList_DragMove
 0001:000270F0       CommCtrl.ImageList_DragShowNolock
 0001:000270B0       CommCtrl.ImageList_Draw
 0001:000270B8       CommCtrl.ImageList_DrawEx
 0001:000270D0       CommCtrl.ImageList_EndDrag
 0001:000270A8       CommCtrl.ImageList_GetBkColor
 0001:00027108       CommCtrl.ImageList_GetIconSize
 0001:00027088       CommCtrl.ImageList_GetImageCount
 0001:000270F8       CommCtrl.ImageList_Read
 0001:000270C0       CommCtrl.ImageList_Remove
 0001:000270A0       CommCtrl.ImageList_SetBkColor
 0001:00027110       CommCtrl.ImageList_SetIconSize
 0001:00027090       CommCtrl.ImageList_SetImageCount
 0001:00027100       CommCtrl.ImageList_Write
 0001:00027018       CommCtrl.InitComCtl
 0001:00027120       CommCtrl.TaskDialogIndirect
 0004:00004A34       CommCtrl._InitCommonControlsEx
 0004:00004A38       CommCtrl._TaskDialogIndirect
 0001:00027118       CommCtrl._TrackMouseEvent
 0004:00004D18       ComObj..41
 0001:00072014       ComObj..EOleError
 0001:000720C8       ComObj..EOleException
 0001:0007206C       ComObj..EOleSysError
 0001:00072B50       ComObj.ClearExcepInfo
 0003:00001C58       ComObj.CoAddRefServerProcess
 0003:00001C50       ComObj.CoCreateInstanceEx
 0003:00001C68       ComObj.CoInitFlags
 0003:00001C54       ComObj.CoInitializeEx
 0004:00004D20       ComObj.ComClassManagerVar
 0002:00000764       ComObj.ComObj
 0003:00001C5C       ComObj.CoReleaseServerProcess
 0003:00001C60       ComObj.CoResumeClassObjects
 0003:00001C64       ComObj.CoSuspendClassObjects
 0001:0007256C       ComObj.DispatchInvoke
 0001:00072B44       ComObj.DispatchInvokeError
 0001:00072B60       ComObj.DispCall
 0001:00072C44       ComObj.DispCallByID
 0001:00072A70       ComObj.DispCallError
 0001:000722A4       ComObj.EOleException.Create
 0001:000721D0       ComObj.EOleSysError.Create
 0001:00072D9C       ComObj.Finalization
 0001:000728DC       ComObj.GetIDsOfNames
 0001:00072D20       ComObj.InitComObj
 0001:00072368       ComObj.LoadComExProcs
 0004:00004D28       ComObj.NeedToUninitialize
 0001:00072358       ComObj.OleCheck
 0001:0007233C       ComObj.OleError
 0004:00004D1C       ComObj.OleUninitializing
 0001:000729BC       ComObj.RaiseException
 0001:000728A8       ComObj.RaiseNameException
 0001:0007246C       ComObj.SafeCallError
 0004:00004D24       ComObj.SaveInitProc
 0003:00001C6C       ComObj.ThreadStrs
 0001:00072180       ComObj.TrimPunctuation
 0001:000729D4       ComObj.VarDispInvoke
 0001:000253A8       Contnrs..TObjectList
 0001:00025410       Contnrs..TOrderedList
 0001:00025478       Contnrs..TStack
 0001:000254D8       Contnrs.TObjectList.Add
 0001:000254E0       Contnrs.TObjectList.Create
 0001:00025524       Contnrs.TObjectList.GetItem
 0001:00025538       Contnrs.TObjectList.IndexOf
 0001:00025540       Contnrs.TObjectList.Notify
 0001:0002556C       Contnrs.TObjectList.Remove
 0001:0002558C       Contnrs.TOrderedList.Create
 0001:000255D0       Contnrs.TOrderedList.Destroy
 0001:00025600       Contnrs.TOrderedList.PeekItem
 0001:00025574       Contnrs.TOrderedList.Pop
 0001:00025614       Contnrs.TOrderedList.PopItem
 0001:0002557C       Contnrs.TOrderedList.Push
 0001:00025634       Contnrs.TStack.PushItem
 0004:00004C44       Controls..33
 0001:00042AF4       Controls..TBaseDragControlObject
 0001:00043E80       Controls..TControl
 0001:00042FC4       Controls..TControlActionLink
 0001:00042E3C       Controls..TControlCanvas
 0001:00044C2C       Controls..TCustomControl
 0001:00042EDC       Controls..TCustomControlAction
 0001:00045074       Controls..TDockTree
 0001:00044F28       Controls..TDockZone
 0001:00042BB8       Controls..TDragControlObject
 0001:00042C44       Controls..TDragControlObjectEx
 0001:00042CD4       Controls..TDragDockObject
 0001:00042D9C       Controls..TDragDockObjectEx
 0001:00042A50       Controls..TDragObject
 0001:00044B08       Controls..TGraphicControl
 0001:00044D98       Controls..THintWindow
 0001:00043414       Controls..TMargins
 0001:00045118       Controls..TMouse
 0001:0004352C       Controls..TPadding
 0001:0004567C       Controls..TSiteList
 0001:000432C8       Controls..TSizeConstraints
 0001:000446F8       Controls..TWinControl
 0001:000442F0       Controls..TWinControlActionLink
 0001:00045CEC       Controls.AbsMin
 0004:00004C78       Controls.ActiveDrag
 0001:0004C1B8       Controls.AlignWork
 0003:000017F0       Controls.AnchorAlign
 0003:000017E4       Controls.AnimateWindowProc
 0003:000018F0       Controls.AnimationStyle
 0001:00048C64       Controls.BackgroundClipped
 0001:00055874       Controls.CalcSplitterPos
 0001:00046D90       Controls.CancelDrag
 0004:00004C8C       Controls.CanvasList
 0003:000018A8       Controls.CaptureControl
 0001:0004516C       Controls.ChangeBiDiModeAlignment
 0001:000469F8       Controls.CheckUndock
 0001:000526FC       Controls.ClientToWindow
 0004:00004C4A       Controls.ControlAtom
 0004:00004C50       Controls.ControlAtomString
 0002:000005E8       Controls.Controls
 0003:000017E8       Controls.CreationControl
 0003:000018AC       Controls.csPerformingShowingChanged
 0003:000018E8       Controls.Ctl3DStyles
 0003:000017F8       Controls.Cursors
 0001:00045514       Controls.CursorToIdent
 0003:000017EC       Controls.DefaultDockTreeClass
 0001:0004D144       Controls.DestroyChildWindow
 0001:0004C02C       Controls.DoAlign
 0001:00050FA8       Controls.DoCalcConstraints
 0004:00004C80       Controls.DockSiteList
 0001:0004E018       Controls.DoControlMsg
 0001:00046300       Controls.DoDragOver
 0001:0005337C       Controls.DoFindControlZone
 0001:00053AA4       Controls.DoFindZone
 0001:00053400       Controls.DoForEach
 0001:00055048       Controls.DoGetNextLimit
 0001:00056080       Controls.DoneControls
 0001:0004BFE4       Controls.DoPosition
 0001:00054558       Controls.DoPrune
 0001:00054A6C       Controls.DoSaveZone
 0001:00054D30       Controls.DoSetNewBounds
 0001:0004CDF0       Controls.DoWriteDesignSize
 0001:00049FE4       Controls.DoWriteExplicit
 0001:00049FB0       Controls.DoWriteIsControl
 0004:00004C64       Controls.DragCapture
 0004:00004C58       Controls.DragControl
 0001:00046A6C       Controls.DragDone
 0001:000462B0       Controls.DragFindTarget
 0001:00046284       Controls.DragFindWindow
 0004:00004C7C       Controls.DragImageList
 0001:000466C4       Controls.DragInit
 0001:00046834       Controls.DragInitControl
 0004:00004C60       Controls.DragInternalObject
 0001:000461CC       Controls.DragMessage
 0004:00004C5C       Controls.DragObject
 0004:00004C88       Controls.DragSave
 0004:00004C70       Controls.DragSaveCursor
 0004:00004C68       Controls.DragStartPos
 0004:00004C74       Controls.DragThreshold
 0001:000463DC       Controls.DragTo
 0001:00053FDC       Controls.DrawCloseButton
 0001:00054070       Controls.DrawGrabberLine
 0001:000540F8       Controls.DrawThemedGrabber
 0001:0004E4C4       Controls.DrawThemeEdge
 0003:000018D8       Controls.EdgeStyles
 0001:000566A0       Controls.Finalization
 0001:000452C4       Controls.FindControl
 0001:00046DDC       Controls.FindDragTarget
 0001:00046DA8       Controls.FindVCLWindow
 0001:00046EA0       Controls.FreeDeviceContext
 0001:00046F5C       Controls.FreeDeviceContexts
 0001:00045610       Controls.GetCaptureControl
 0001:0004BE54       Controls.GetClientSize
 0001:0004D660       Controls.GetControlAtPos
 0001:00055128       Controls.GetDockAlign
 0001:0004601C       Controls.GetDockSiteAtPos
 0001:0004633C       Controls.GetDropCtl
 0001:000530AC       Controls.GetLastChildZone
 0001:00045578       Controls.GetLongHint
 0001:00045534       Controls.GetShortHint
 0001:0004571C       Controls.GetTopParent
 0001:000551A4       Controls.HideZone
 0001:00045524       Controls.IdentToCursor
 0003:00001918       Controls.IMM32DLL
 0001:0005606C       Controls.Imm32IsIME
 0001:00056108       Controls.InitControls
 0001:00055D10       Controls.InitIMM32
 0001:00045180       Controls.InitWndProc
 0003:000018B8       Controls.InnerStyles
 0001:0004BEB4       Controls.InsertBefore
 0001:00045DD0       Controls.IsBeforeTargetWindow
 0001:00046224       Controls.IsDelphiHandle
 0001:00052AE0       Controls.IsOrientationSet
 0001:00045FD8       Controls.IsSiteChildOfClient
 0001:00045320       Controls.IsVCLControl
 0004:00004C38       Controls.IsVCLControlHook
 0001:00046E28       Controls.ListAdd
 0001:00046E50       Controls.ListRemove
 0003:00001904       Controls.MakeLast
 0001:0004B0EC       Controls.MinVar
 0003:0000191C       Controls.ModeMap
 0004:00004C34       Controls.Mouse
 0001:00046E70       Controls.MoveWindowOrg
 0004:00004C40       Controls.NewStyleControls
 0001:00052AC4       Controls.NextVisibleZone
 0001:00045290       Controls.ObjectFromHWnd
 0003:000018FC       Controls.OrientArray
 0003:000018C8       Controls.OuterStyles
 0001:00052ED4       Controls.ParentNotLast
 0001:000455BC       Controls.PerformEraseBackground
 0001:0004CDDC       Controls.PointsEqual
 0004:00004C84       Controls.QualifyingSites
 0001:00053C40       Controls.ReadControlName
 0001:00046170       Controls.RegisterDockSite
 0004:00004C54       Controls.RM_GetObjectInstance
 0001:00045350       Controls.SendAppMessage
 0001:00045638       Controls.SetCaptureControl
 0001:00055F94       Controls.SetImeMode
 0001:0004AA6C       Controls.SetParentColor
 0003:000018B0       Controls.ShowFlags
 0001:00055224       Controls.ShowZone
 0003:00001910       Controls.SizeCursors
 0001:00045AEC       Controls.TBaseDragControlObject.Assign
 0001:00045AC8       Controls.TBaseDragControlObject.Create
 0001:00045B18       Controls.TBaseDragControlObject.EndDrag
 0001:00045B3C       Controls.TBaseDragControlObject.Finished
 0001:0004AE1C       Controls.TControl.ActionChange
 0001:0004B20C       Controls.TControl.AdjustSize
 0001:0004B040       Controls.TControl.AssignTo
 0001:00048FC4       Controls.TControl.BeginAutoDrag
 0001:00048FE0       Controls.TControl.BeginDrag
 0001:00048AFC       Controls.TControl.BringToFront
 0001:00049A28       Controls.TControl.CalcCursorPos
 0001:00049B90       Controls.TControl.CalcDockSizes
 0001:00049928       Controls.TControl.CanAutoSize
 0001:0004992C       Controls.TControl.CanResize
 0001:0004846C       Controls.TControl.Changed
 0001:0004847C       Controls.TControl.ChangeScale
 0001:0004A5A0       Controls.TControl.CheckNewSize
 0001:0004A394       Controls.TControl.Click
 0001:0004B44C       Controls.TControl.ClientToParent
 0001:000482F4       Controls.TControl.ClientToScreen
 0001:0004AB74       Controls.TControl.CMBiDiModeChanged
 0001:0004AA5C       Controls.TControl.CMColorChanged
 0001:0004ACA4       Controls.TControl.CMDesignHitTest
 0001:0004AA3C       Controls.TControl.CMEnabledChanged
 0001:0004ADBC       Controls.TControl.CMFloat
 0001:0004AA4C       Controls.TControl.CMFontChanged
 0001:0004B298       Controls.TControl.CMHintShow
 0001:0004AC24       Controls.TControl.CMHitTest
 0001:0004B55C       Controls.TControl.CMMouseActivate
 0001:0004AC2C       Controls.TControl.CMMouseEnter
 0001:0004AC68       Controls.TControl.CMMouseLeave
 0001:0004AB04       Controls.TControl.CMMouseWheel
 0001:0004AAE0       Controls.TControl.CMParentBiDiModeChanged
 0001:0004AAA4       Controls.TControl.CMParentColorChanged
 0001:0004ABD0       Controls.TControl.CMParentFontChanged
 0001:0004AB94       Controls.TControl.CMParentShowHintChanged
 0001:0004AC00       Controls.TControl.CMSysFontChanged
 0001:0004AA14       Controls.TControl.CMVisibleChanged
 0001:000499F8       Controls.TControl.ConstrainedResize
 0001:000476CC       Controls.TControl.Create
 0001:0004ACAC       Controls.TControl.CreateFloatingDockSite
 0001:0004A400       Controls.TControl.DblClick
 0001:00049468       Controls.TControl.DefaultDockImage
 0001:00049F08       Controls.TControl.DefaultHandler
 0001:0004A204       Controls.TControl.DefineProperties
 0001:00049A54       Controls.TControl.DesignWndProc
 0001:000477C4       Controls.TControl.Destroy
 0001:0004AF1C       Controls.TControl.DoActionChange
 0001:0004995C       Controls.TControl.DoCanAutoSize
 0001:000499C8       Controls.TControl.DoCanResize
 0001:00047FC4       Controls.TControl.Dock
 0001:00049264       Controls.TControl.DockTrackNoTarget
 0001:00049A88       Controls.TControl.DoConstrainedResize
 0001:00049918       Controls.TControl.DoConstraintsChange
 0001:0004B40C       Controls.TControl.DoContextPopup
 0001:000480F4       Controls.TControl.DoDock
 0001:000495B4       Controls.TControl.DoDragMsg
 0001:0004927C       Controls.TControl.DoEndDock
 0001:00049164       Controls.TControl.DoEndDrag
 0001:0004B580       Controls.TControl.DoMarginChange
 0001:000492C8       Controls.TControl.DoMouseActivate
 0001:0004A458       Controls.TControl.DoMouseDown
 0001:0004A7D0       Controls.TControl.DoMouseUp
 0001:000492FC       Controls.TControl.DoMouseWheel
 0001:000493D0       Controls.TControl.DoMouseWheelDown
 0001:0004941C       Controls.TControl.DoMouseWheelUp
 0001:000492A8       Controls.TControl.DoStartDock
 0001:00049144       Controls.TControl.DoStartDrag
 0001:000490CC       Controls.TControl.DragCanceled
 0001:00049118       Controls.TControl.DragDrop
 0001:000490D0       Controls.TControl.Dragging
 0001:000490DC       Controls.TControl.DragOver
 0001:00049594       Controls.TControl.DrawDragDockImage
 0001:0004B22C       Controls.TControl.DrawTextBiDiModeFlags
 0001:0004B26C       Controls.TControl.DrawTextBiDiModeFlagsReadingOnly
 0001:000495A4       Controls.TControl.EraseDragDockImage
 0001:0004891C       Controls.TControl.FontChanged
 0001:0004794C       Controls.TControl.GetAction
 0001:0004AF40       Controls.TControl.GetActionLinkClass
 0001:0004B594       Controls.TControl.GetAlignWithMargins
 0001:00048184       Controls.TControl.GetBoundsRect
 0001:00048224       Controls.TControl.GetClientHeight
 0001:00048264       Controls.TControl.GetClientOrigin
 0001:000481C8       Controls.TControl.GetClientRect
 0001:000481E0       Controls.TControl.GetClientWidth
 0001:00048F74       Controls.TControl.GetControlsAlignment
 0001:00048BBC       Controls.TControl.GetDeviceContext
 0001:0004B128       Controls.TControl.GetDockEdge
 0001:0004788C       Controls.TControl.GetDragImages
 0001:00047890       Controls.TControl.GetEnabled
 0001:0004B1D8       Controls.TControl.GetFloating
 0001:0004B204       Controls.TControl.GetFloatingDockSiteClass
 0001:00048AC4       Controls.TControl.GetMouseCapture
 0001:00047898       Controls.TControl.GetPalette
 0001:000478A4       Controls.TControl.GetParentComponent
 0001:0004A598       Controls.TControl.GetPopupMenu
 0001:0004886C       Controls.TControl.GetText
 0001:000487EC       Controls.TControl.GetTextBuf
 0001:000487DC       Controls.TControl.GetTextLen
 0001:000487F8       Controls.TControl.GetUndockHeight
 0001:0004880C       Controls.TControl.GetUndockWidth
 0001:0004789C       Controls.TControl.HasParent
 0001:0004B288       Controls.TControl.InitiateAction
 0001:00048D7C       Controls.TControl.Invalidate
 0001:00048CF0       Controls.TControl.InvalidateControl
 0001:00047A78       Controls.TControl.IsAnchorsStored
 0001:00048990       Controls.TControl.IsBiDiModeStored
 0001:0004AF48       Controls.TControl.IsCaptionStored
 0001:00048A58       Controls.TControl.IsColorStored
 0001:0004AF68       Controls.TControl.IsEnabledStored
 0001:00048970       Controls.TControl.IsFontStored
 0001:0004AFA8       Controls.TControl.IsHelpContextStored
 0001:0004AF88       Controls.TControl.IsHintStored
 0001:0004AFE8       Controls.TControl.IsOnClickStored
 0001:00048984       Controls.TControl.IsShowHintStored
 0001:0004AFC8       Controls.TControl.IsVisibleStored
 0001:0004B008       Controls.TControl.Loaded
 0001:000496A4       Controls.TControl.ManualDock
 0001:00049884       Controls.TControl.ManualFloat
 0001:00048D90       Controls.TControl.MouseActivate
 0001:0004A420       Controls.TControl.MouseDown
 0001:0004A6EC       Controls.TControl.MouseMove
 0001:0004A798       Controls.TControl.MouseUp
 0001:00048DD8       Controls.TControl.MouseWheelHandler
 0001:00047B90       Controls.TControl.Notification
 0001:000478D0       Controls.TControl.PaletteChanged
 0001:00049B5C       Controls.TControl.Perform
 0001:00049190       Controls.TControl.PositionDockRect
 0001:0004B670       Controls.TControl.ReadExplicitHeight
 0001:0004B688       Controls.TControl.ReadExplicitLeft
 0001:0004B658       Controls.TControl.ReadExplicitTop
 0001:0004B630       Controls.TControl.ReadExplicitWidth
 0001:00049F90       Controls.TControl.ReadIsControl
 0001:00047AFC       Controls.TControl.ReadState
 0001:00048E6C       Controls.TControl.Refresh
 0001:00048E78       Controls.TControl.Repaint
 0001:00047ACC       Controls.TControl.RequestAlign
 0001:00047ADC       Controls.TControl.Resize
 0001:00048320       Controls.TControl.ScaleConstraints
 0001:000483A4       Controls.TControl.ScreenToClient
 0001:000483D0       Controls.TControl.SendCancelMode
 0001:00048400       Controls.TControl.SendDockNotification
 0001:000479FC       Controls.TControl.SetAction
 0001:00047BE8       Controls.TControl.SetAlign
 0001:0004B59C       Controls.TControl.SetAlignWithMargins
 0001:0004795C       Controls.TControl.SetAnchors
 0001:00048638       Controls.TControl.SetAutoSize
 0001:00048900       Controls.TControl.SetBiDiMode
 0001:00047CD0       Controls.TControl.SetBounds
 0001:000481A4       Controls.TControl.SetBoundsRect
 0001:0004823C       Controls.TControl.SetClientHeight
 0001:000486F8       Controls.TControl.SetClientSize
 0001:000481F8       Controls.TControl.SetClientWidth
 0001:00048A0C       Controls.TControl.SetColor
 0001:0004B440       Controls.TControl.SetConstraints
 0001:00048AA8       Controls.TControl.SetCursor
 0001:00047A90       Controls.TControl.SetDesignVisible
 0001:00047AC8       Controls.TControl.SetDragMode
 0001:000487C4       Controls.TControl.SetEnabled
 0001:00048960       Controls.TControl.SetFont
 0001:00047F90       Controls.TControl.SetHeight
 0001:0004814C       Controls.TControl.SetHelpContext
 0001:00048160       Controls.TControl.SetHelpKeyword
 0001:00047EF4       Controls.TControl.SetLeft
 0001:0004B588       Controls.TControl.SetMargins
 0001:00048AD4       Controls.TControl.SetMouseCapture
 0001:00048654       Controls.TControl.SetName
 0001:00048740       Controls.TControl.SetParent
 0001:00048A84       Controls.TControl.SetParentBiDiMode
 0001:00048A60       Controls.TControl.SetParentColor
 0001:000478A8       Controls.TControl.SetParentComponent
 0001:00048998       Controls.TControl.SetParentFont
 0001:000489E0       Controls.TControl.SetParentShowHint
 0001:00048820       Controls.TControl.SetPopupMenu
 0001:000489BC       Controls.TControl.SetShowHint
 0001:0004889C       Controls.TControl.SetText
 0001:00048848       Controls.TControl.SetTextBuf
 0001:00047F28       Controls.TControl.SetTop
 0001:0004878C       Controls.TControl.SetVisible
 0001:00047F5C       Controls.TControl.SetWidth
 0001:00048B98       Controls.TControl.SetZOrder
 0001:00048B10       Controls.TControl.SetZOrderPosition
 0001:00048E58       Controls.TControl.Update
 0001:00047D70       Controls.TControl.UpdateAnchorRules
 0001:00049C04       Controls.TControl.UpdateBoundsRect
 0001:0004B5CC       Controls.TControl.UpdateExplicitBounds
 0001:00048F90       Controls.TControl.UseRightToLeftAlignment
 0001:00048F78       Controls.TControl.UseRightToLeftReading
 0001:00048FA8       Controls.TControl.UseRightToLeftScrollBar
 0001:00049C34       Controls.TControl.VisibleChanging
 0001:0004A924       Controls.TControl.WMCancelMode
 0001:0004B2C8       Controls.TControl.WMContextMenu
 0001:0004A544       Controls.TControl.WMLButtonDblClk
 0001:0004A4DC       Controls.TControl.WMLButtonDown
 0001:0004A808       Controls.TControl.WMLButtonUp
 0001:0004A6C0       Controls.TControl.WMMButtonDblClk
 0001:0004A694       Controls.TControl.WMMButtonDown
 0001:0004A8AC       Controls.TControl.WMMButtonUp
 0001:0004A720       Controls.TControl.WMMouseMove
 0001:0004A8CC       Controls.TControl.WMMouseWheel
 0001:0004A528       Controls.TControl.WMNCLButtonDown
 0001:0004A668       Controls.TControl.WMRButtonDblClk
 0001:0004A63C       Controls.TControl.WMRButtonDown
 0001:0004A88C       Controls.TControl.WMRButtonUp
 0001:0004A964       Controls.TControl.WMWindowPosChanged
 0001:00049C38       Controls.TControl.WndProc
 0001:0004B610       Controls.TControl.WriteExplicitHeight
 0001:0004B620       Controls.TControl.WriteExplicitLeft
 0001:0004B600       Controls.TControl.WriteExplicitTop
 0001:0004B648       Controls.TControl.WriteExplicitWidth
 0001:00049FA4       Controls.TControl.WriteIsControl
 0001:00047278       Controls.TControlActionLink.AssignClient
 0001:00047294       Controls.TControlActionLink.DoShowHint
 0001:00047384       Controls.TControlActionLink.IsCaptionLinked
 0001:000473F8       Controls.TControlActionLink.IsDropdownMenuLinked
 0001:0004740C       Controls.TControlActionLink.IsEnabledLinked
 0001:00047440       Controls.TControlActionLink.IsEnableDropdownLinked
 0001:000475E0       Controls.TControlActionLink.IsHelpLinked
 0001:00047454       Controls.TControlActionLink.IsHintLinked
 0001:00047500       Controls.TControlActionLink.IsOnExecuteLinked
 0001:0004748C       Controls.TControlActionLink.IsPopupMenuLinked
 0001:000474CC       Controls.TControlActionLink.IsVisibleLinked
 0001:00047528       Controls.TControlActionLink.SetCaption
 0001:00047548       Controls.TControlActionLink.SetDropdownMenu
 0001:0004754C       Controls.TControlActionLink.SetEnabled
 0001:0004756C       Controls.TControlActionLink.SetEnableDropdown
 0001:00047668       Controls.TControlActionLink.SetHelpContext
 0001:00047648       Controls.TControlActionLink.SetHelpKeyword
 0001:00047688       Controls.TControlActionLink.SetHelpType
 0001:00047570       Controls.TControlActionLink.SetHint
 0001:000475B4       Controls.TControlActionLink.SetOnExecute
 0001:000476A8       Controls.TControlActionLink.SetPopupMenu
 0001:00047594       Controls.TControlActionLink.SetVisible
 0001:00047034       Controls.TControlCanvas.CreateHandle
 0001:00047008       Controls.TControlCanvas.Destroy
 0001:000470DC       Controls.TControlCanvas.FreeHandle
 0001:00047110       Controls.TControlCanvas.SetControl
 0001:00047128       Controls.TControlCanvas.UpdateTextFlags
 0001:00052968       Controls.TCustomControl.Create
 0001:000529C4       Controls.TCustomControl.Destroy
 0001:00052AC0       Controls.TCustomControl.Paint
 0001:00052A14       Controls.TCustomControl.PaintWindow
 0001:000529F4       Controls.TCustomControl.WMPaint
 0001:0005567C       Controls.TDockTree.ActualSize
 0001:0005334C       Controls.TDockTree.AdjustDockRect
 0001:00055710       Controls.TDockTree.AdjustFrameRect
 0001:00053364       Controls.TDockTree.BeginUpdate
 0001:0005535C       Controls.TDockTree.ControlVisibilityChanged
 0001:00053190       Controls.TDockTree.Create
 0001:000532F8       Controls.TDockTree.Destroy
 0001:00054F5C       Controls.TDockTree.DrawSizeSplitter
 0001:00053368       Controls.TDockTree.EndUpdate
 0001:00053A18       Controls.TDockTree.FindControlAtPos
 0001:000533D4       Controls.TDockTree.FindControlZone
 0001:0005343C       Controls.TDockTree.ForEachAt
 0001:00053454       Controls.TDockTree.GetControlBounds
 0001:000550D8       Controls.TDockTree.GetNextLimit
 0001:000534C8       Controls.TDockTree.HitTest
 0001:000534D8       Controls.TDockTree.InsertControl
 0001:000536F4       Controls.TDockTree.InsertNewParent
 0001:0005389C       Controls.TDockTree.InsertSibling
 0001:00053BB8       Controls.TDockTree.InternalHitTest
 0001:00053C88       Controls.TDockTree.LoadFromStream
 0001:00055750       Controls.TDockTree.MouseDown
 0001:00055904       Controls.TDockTree.MouseMove
 0001:00055954       Controls.TDockTree.MouseUp
 0001:00054154       Controls.TDockTree.PaintDockFrame
 0001:000542A8       Controls.TDockTree.PaintSite
 0001:000543DC       Controls.TDockTree.PositionDockRect
 0001:0005458C       Controls.TDockTree.PruneZone
 0001:000556E4       Controls.TDockTree.ReferenceFromOrient
 0001:000556AC       Controls.TDockTree.RelativeSize
 0001:000545E8       Controls.TDockTree.RemoveControl
 0001:00054628       Controls.TDockTree.RemoveZone
 0001:000548C8       Controls.TDockTree.ResetBounds
 0001:00054B7C       Controls.TDockTree.SaveToStream
 0001:000549B0       Controls.TDockTree.ScaleZone
 0001:00054DB8       Controls.TDockTree.SetNewBounds
 0001:00054DE8       Controls.TDockTree.SetReplacingControl
 0001:00054E00       Controls.TDockTree.ShiftZone
 0001:000559C8       Controls.TDockTree.ShowHint
 0001:00054E34       Controls.TDockTree.SplitterMouseDown
 0001:00054E94       Controls.TDockTree.SplitterMouseUp
 0001:00054F10       Controls.TDockTree.UpdateAll
 0001:00054F38       Controls.TDockTree.UpdateZone
 0001:00054F48       Controls.TDockTree.WindowProc
 0001:000553E4       Controls.TDockTree.WndProc
 0001:00053914       Controls.TDockTree.ZoneCaptionHitTest
 0001:00052B04       Controls.TDockZone.Create
 0001:000530BC       Controls.TDockZone.ExpandZoneLimit
 0001:00053184       Controls.TDockZone.FirstVisibleChild
 0001:00052B28       Controls.TDockZone.GetChildCount
 0001:00052E0C       Controls.TDockZone.GetControlName
 0001:00052CAC       Controls.TDockZone.GetHeightWidth
 0001:00052B98       Controls.TDockZone.GetLimitBegin
 0001:00052BE0       Controls.TDockZone.GetLimitSize
 0001:00052C28       Controls.TDockZone.GetTopLeft
 0001:00052B60       Controls.TDockZone.GetVisible
 0001:00052B3C       Controls.TDockZone.GetVisibleChildCount
 0001:00053080       Controls.TDockZone.GetZoneLimit
 0001:0005315C       Controls.TDockZone.NextVisible
 0001:00053168       Controls.TDockZone.PrevVisible
 0001:00052D64       Controls.TDockZone.ResetChildren
 0001:000530FC       Controls.TDockZone.ResetZoneLimits
 0001:00052E50       Controls.TDockZone.SetControlName
 0001:000530A8       Controls.TDockZone.SetZoneLimit
 0001:00052F04       Controls.TDockZone.Update
 0001:00045B70       Controls.TDragControlObject.GetDragCursor
 0001:00045B88       Controls.TDragControlObject.GetDragImages
 0001:00045B94       Controls.TDragControlObject.HideDragImage
 0001:00045BB4       Controls.TDragControlObject.ShowDragImage
 0001:00045BD4       Controls.TDragControlObjectEx.BeforeDestruction
 0001:00045D10       Controls.TDragDockObject.AdjustDockRect
 0001:00045C70       Controls.TDragDockObject.Assign
 0001:00045BD8       Controls.TDragDockObject.Create
 0001:00045C40       Controls.TDragDockObject.Destroy
 0001:00045D8C       Controls.TDragDockObject.DrawDragDockImage
 0001:00045CD0       Controls.TDragDockObject.EndDrag
 0001:00045DA0       Controls.TDragDockObject.EraseDragDockImage
 0001:00045DB4       Controls.TDragDockObject.GetDragCursor
 0001:00045DC0       Controls.TDragDockObject.GetEraseWhenMoving
 0001:00045DC4       Controls.TDragDockObject.GetFrameWidth
 0001:00045DCC       Controls.TDragDockObjectEx.BeforeDestruction
 0001:000527A8       Controls.TDragImageList.BeginDrag
 0001:0005281C       Controls.TDragImageList.DragLock
 0001:000528A4       Controls.TDragImageList.DragMove
 0001:00052880       Controls.TDragImageList.DragUnlock
 0001:00052918       Controls.TDragImageList.EndDrag
 0001:00052900       Controls.TDragImageList.HideDragImage
 0001:00052784       Controls.TDragImageList.SetDragCursor
 0001:0005273C       Controls.TDragImageList.SetDragImage
 0001:000528E8       Controls.TDragImageList.ShowDragImage
 0001:00045AB8       Controls.TDragObject.AfterConstruction
 0001:00045864       Controls.TDragObject.Assign
 0001:00045AA8       Controls.TDragObject.BeforeDestruction
 0001:000458A4       Controls.TDragObject.Capture
 0001:000458BC       Controls.TDragObject.Finished
 0001:00045A34       Controls.TDragObject.GetDragCursor
 0001:00045A30       Controls.TDragObject.GetDragImages
 0001:000458C4       Controls.TDragObject.GetName
 0001:00045A4C       Controls.TDragObject.HideDragImage
 0001:00045A50       Controls.TDragObject.Instance
 0001:00045A5C       Controls.TDragObject.MainWndProc
 0001:000458EC       Controls.TDragObject.ReleaseCapture
 0001:00045A58       Controls.TDragObject.ShowDragImage
 0001:00045900       Controls.TDragObject.WndProc
 0001:00051F28       Controls.TGraphicControl.Create
 0001:00051F84       Controls.TGraphicControl.Destroy
 0001:00052078       Controls.TGraphicControl.Paint
 0001:00051FC4       Controls.TGraphicControl.WMPaint
 0001:00052368       Controls.THintWindow.ActivateHint
 0001:000525E4       Controls.THintWindow.ActivateHintData
 0001:0005260C       Controls.THintWindow.CalcHintRect
 0001:000522D0       Controls.THintWindow.CMTextChanged
 0001:0005207C       Controls.THintWindow.Create
 0001:000520E8       Controls.THintWindow.CreateParams
 0001:00052260       Controls.THintWindow.IsHintMsg
 0001:00052668       Controls.THintWindow.NCPaint
 0001:000521B8       Controls.THintWindow.Paint
 0001:000522C4       Controls.THintWindow.ReleaseHandle
 0001:000526F8       Controls.THintWindow.ShouldHideHint
 0001:0005214C       Controls.THintWindow.WMNCHitTest
 0001:00052154       Controls.THintWindow.WMNCPaint
 0001:000526D4       Controls.THintWindow.WMPrint
 0001:00056318       Controls.TMargins.AssignTo
 0001:00056360       Controls.TMargins.Change
 0001:000562D4       Controls.TMargins.Create
 0001:000564D8       Controls.TMargins.GetControlBound
 0001:00056374       Controls.TMargins.InitDefaults
 0001:000563EC       Controls.TMargins.SetControlBounds
 0001:00056394       Controls.TMargins.SetMargin
 0001:00055ABC       Controls.TMouse.Create
 0001:00055B4C       Controls.TMouse.CreatePanningWindow
 0001:00055B78       Controls.TMouse.Destroy
 0001:00055BA8       Controls.TMouse.GetCapture
 0001:00055BB0       Controls.TMouse.GetCursorPos
[...]
  1951 0001:00038A60  1952 0001:00038A6B  1954 0001:00038A83  1955 0001:00038A8C
  1957 0001:00038A9E  1958 0001:00038AB4  1959 0001:00038AB6  1963 0001:00038ABA
  1967 0001:00038AC4  1968 0001:00038AD5  1970 0001:00038ADD  1971 0001:00038AF4
  1973 0001:00038AFE  1974 0001:00038B28  1999 0001:00038B30  2001 0001:00038B38
  2002 0001:00038B3E  2004 0001:00038B45  2007 0001:00038B48  2008 0001:00038B4B
  2009 0001:00038B56  2013 0001:00038B58  2015 0001:00038B60  2016 0001:00038B66
  2018 0001:00038B6D  2022 0001:00038B70  2024 0001:00038B78  2025 0001:00038B7E
  2027 0001:00038B85  2031 0001:00038B88  2033 0001:00038B90  2034 0001:00038B96
  2036 0001:00038B9D  2042 0001:00038BA0  2043 0001:00038BA7  2044 0001:00038BCB
  2045 0001:00038BF3  2046 0001:00038BFC  2048 0001:00038C04  2049 0001:00038C26
  2050 0001:00038C34  2051 0001:00038C3D  2053 0001:00038C67  2055 0001:00038C74
  2056 0001:00038C81  2058 0001:00038CA1  2059 0001:00038CAE  2060 0001:00038CC1
  2063 0001:00038CCC  2064 0001:00038CD6  2065 0001:00038CD8  2068 0001:00038CFC
  2069 0001:00038D0A  2070 0001:00038D17  2071 0001:00038D1F  2073 0001:00038D2D
  2209 0001:00038D34  2210 0001:00038D46  2211 0001:00038D4F  2212 0001:00038D53
  2214 0001:00038D5A  2219 0001:00038D68  2222 0001:00038D84  2223 0001:00038D8F
  2224 0001:00038D93  2226 0001:00038D9A  2231 0001:00038DA2  2232 0001:00038DAE
  2235 0001:00038DBC  2237 0001:00038DC8  2238 0001:00038DD2  2239 0001:00038DE0
  2241 0001:00038DFB  2244 0001:00038E11  2245 0001:00038E29  2248 0001:00038E30
  2249 0001:00038E47  2250 0001:00038E52  2251 0001:00038E66  2252 0001:00038E78
  2253 0001:00038E99  2257 0001:00038EBC  2259 0001:00038EC1  2260 0001:00038EC4
  2262 0001:00038EC9  2266 0001:00038ECC  2268 0001:00038ED1  2269 0001:00038ED4
  2271 0001:00038ED9  2274 0001:00038EDC  2275 0001:00038EDF  2276 0001:00038EEB
  2277 0001:00038EF0  2280 0001:00038EF4  2281 0001:00038EF5  2282 0001:00038F06

Line numbers for ExtCtrls(C:\builds\Tp\vcl\i18n\de\ExtCtrls.pas) segment .itext

  8140 0002:00000474  8141 0002:0000047D  8142 0002:00000487  8143 0002:00000497
  8145 0002:000004A6

Line numbers for DBConsts(C:\builds\Tp\db\i18n\de\DBConsts.pas) segment .text

   137 0001:00000000

Line numbers for ComConst(C:\builds\Tp\rtl\common\i18n\de\ComConst.pas) segment .text

    33 0001:00000000

Line numbers for DCPconst(DCPconst.pas) segment .text

    72 0001:00000000

Line numbers for DCPbase64(DCPbase64.pas) segment .text

    56 0001:0009367C    57 0001:0009368C    58 0001:00093698    59 0001:000936A2
    61 0001:000936BF    62 0001:000936DB    63 0001:0009370E    64 0001:00093742
    65 0001:00093765    66 0001:0009376D    59 0001:00093770    67 0001:00093779
    69 0001:0009378F    70 0001:000937AB    71 0001:000937D0    72 0001:000937DB
    75 0001:000937EB    76 0001:00093807    77 0001:0009383A    78 0001:00093860
    81 0001:0009386B    82 0001:0009387F    85 0001:00093888    86 0001:00093894
    88 0001:000938C6    87 0001:000938D1    88 0001:000938FB    95 0001:00093900
    96 0001:0009390F    97 0001:0009391B    98 0001:00093925    99 0001:0009392A
   101 0001:00093949   103 0001:0009394E   104 0001:00093983   105 0001:00093997
   106 0001:000939AD   107 0001:000939C3   108 0001:000939CD   109 0001:000939D7
   111 0001:000939DF   112 0001:000939E2   101 0001:000939E5   113 0001:000939EF
   114 0001:00093A08   115 0001:00093A0F   117 0001:00093A1B   118 0001:00093A35
   119 0001:00093A3E   121 0001:00093A43   123 0001:00093A49   124 0001:00093A63
   125 0001:00093A76   126 0001:00093A7F   128 0001:00093A83   129 0001:00093A86
    99 0001:00093A89   130 0001:00093A92   133 0001:00093A9C   134 0001:00093AA8
   136 0001:00093AD7   135 0001:00093AE2   136 0001:00093B16   139 0001:00093B48

Line numbers for DCPcrypt2(DCPcrypt2.pas) segment .text

   320 0001:00093EE0   321 0001:00093EEC   324 0001:00093EF0   325 0001:00093F12
   328 0001:00093F34   329 0001:00093F3D   330 0001:00093F44   333 0001:00093F4C
   334 0001:00093F58   335 0001:00093F60   338 0001:00093F64   339 0001:00093F6D
   340 0001:00093F74   343 0001:00093F7C   344 0001:00093F85   345 0001:00093F89
   348 0001:00093F90   349 0001:00093F9F   350 0001:00093FA8   351 0001:00093FB0
   352 0001:00093FC9   354 0001:00093FE1   355 0001:00093FE8   383 0001:0009400C
   384 0001:00094013   385 0001:0009401A   388 0001:00094020   389 0001:00094027
   392 0001:0009402C   393 0001:0009403B   396 0001:00094044   397 0001:00094053
   444 0001:0009405C   445 0001:0009407F   448 0001:000940A1   446 0001:000940AC
   447 0001:000940DC   448 0001:000940F4   451 0001:00094118   452 0001:00094128
   454 0001:00094133   453 0001:00094149   454 0001:0009417A   457 0001:00094180
   458 0001:0009419B   459 0001:000941A8   460 0001:000941B0   463 0001:000941D0
   464 0001:000941E1   465 0001:000941EA   466 0001:000941F2   467 0001:00094200
   473 0001:00094214   474 0001:00094223   477 0001:00094228   478 0001:00094231
   479 0001:00094238   482 0001:00094240   483 0001:0009424C   486 0001:00094250
   487 0001:0009425C   490 0001:00094260   491 0001:00094270   492 0001:0009429B
   493 0001:000942AF   494 0001:000942C3   495 0001:000942DA   496 0001:000942F1
   498 0001:00094306   501 0001:00094310   502 0001:00094333   505 0001:00094355
   503 0001:00094360   504 0001:00094390   505 0001:000943A8   508 0001:000943CC
   509 0001:000943DC   511 0001:000943E7   510 0001:000943FD   511 0001:00094431
   514 0001:00094438   515 0001:00094448   516 0001:00094473   517 0001:00094487
   518 0001:0009449E   519 0001:000944B5   520 0001:000944CC   522 0001:000944E1
   525 0001:000944E8   526 0001:000944F7   529 0001:000944FC   530 0001:0009450B
   533 0001:00094510   534 0001:0009451F   537 0001:00094528   538 0001:00094537
   541 0001:00094540   542 0001:0009454F   545 0001:00094558   546 0001:00094567
   549 0001:00094570   550 0001:0009457F   553 0001:00094588   554 0001:00094597
   557 0001:000945A0   558 0001:000945AF   561 0001:000945B8   562 0001:000945C7
   565 0001:000945D0   566 0001:000945DF   569 0001:000945E8   570 0001:000945F7
   573 0001:00094600   574 0001:0009461B   575 0001:00094628   576 0001:0009462F
   583 0001:00094650   584 0001:0009465F   585 0001:00094670   584 0001:00094685
   586 0001:0009468A   639 0001:000946B0

Line numbers for DCPblockciphers(DCPblockciphers.pas) segment .text

   129 0001:000947C0   130 0001:000947C9   131 0001:000947CF   134 0001:000947D8
   135 0001:000947E2   132 0001:000947E5   137 0001:000947F8   140 0001:000947FC
   141 0001:00094805   142 0001:0009480C   145 0001:00094814   146 0001:00094824
   147 0001:00094836   148 0001:00094844   150 0001:0009484A   151 0001:0009485C
   152 0001:00094870   156 0001:0009487A   157 0001:0009488D   159 0001:00094895
   162 0001:0009489C   163 0001:000948A8   164 0001:000948B1   165 0001:000948C7
   166 0001:000948DA   167 0001:000948E2   170 0001:00094908   171 0001:00094914
   172 0001:0009491D   173 0001:00094933   174 0001:00094946   177 0001:0009496C
   178 0001:00094973   179 0001:0009497C   181 0001:00094995   182 0001:000949AB
   185 0001:000949D0   186 0001:000949D7   187 0001:000949EC   188 0001:00094A01
   189 0001:00094A09   195 0001:00094A0C   196 0001:00094A1C   197 0001:00094A25
   198 0001:00094A3B   199 0001:00094A41   200 0001:00094A47   202 0001:00094A5B
   203 0001:00094A6B   204 0001:00094A7E   205 0001:00094A8C   206 0001:00094A9F
   207 0001:00094AA8   208 0001:00094AB1   200 0001:00094AB4   209 0001:00094AB9
   211 0001:00094AC3   212 0001:00094AD7   213 0001:00094AE8   215 0001:00094AFC
   222 0001:00094B24   223 0001:00094B34   224 0001:00094B3D   225 0001:00094B53
   226 0001:00094B59   227 0001:00094B5F   229 0001:00094B73   230 0001:00094B83
   231 0001:00094B93   232 0001:00094BA1   233 0001:00094BB4   234 0001:00094BC7
   235 0001:00094BD0   236 0001:00094BD9   227 0001:00094BDC   237 0001:00094BE1
   239 0001:00094BEB   240 0001:00094BFF   241 0001:00094C10   243 0001:00094C24
   250 0001:00094C4C   251 0001:00094C5C   252 0001:00094C65   253 0001:00094C7B
   254 0001:00094C81   255 0001:00094C87   257 0001:00094C98   258 0001:00094CA9
   259 0001:00094CB6   260 0001:00094CCC   261 0001:00094CD7   262 0001:00094CDA
   263 0001:00094CDD   255 0001:00094CE0   264 0001:00094CE5   272 0001:00094D0C
   273 0001:00094D1C   274 0001:00094D25   275 0001:00094D3B   276 0001:00094D41
   277 0001:00094D47   279 0001:00094D58   280 0001:00094D60   281 0001:00094D71
   282 0001:00094D7E   283 0001:00094D94   284 0001:00094D9D   285 0001:00094DA0
   286 0001:00094DA3   277 0001:00094DA6   287 0001:00094DAB   293 0001:00094DD4
   294 0001:00094DE4   295 0001:00094DED   296 0001:00094E03   297 0001:00094E09
   298 0001:00094E0F   300 0001:00094E23   301 0001:00094E37   302 0001:00094E47
   303 0001:00094E5A   304 0001:00094E6D   305 0001:00094E76   306 0001:00094E7F
   298 0001:00094E82   307 0001:00094E87   309 0001:00094E91   310 0001:00094EA5
   311 0001:00094EB6   313 0001:00094ECA   320 0001:00094EF4   321 0001:00094F04
   322 0001:00094F0D   323 0001:00094F23   324 0001:00094F29   325 0001:00094F2F
   327 0001:00094F43   328 0001:00094F53   329 0001:00094F67   330 0001:00094F77
   331 0001:00094F8A   332 0001:00094F9D   333 0001:00094FA6   334 0001:00094FAF
   325 0001:00094FB2   335 0001:00094FB7   337 0001:00094FC1   338 0001:00094FD5
   339 0001:00094FE6   341 0001:00094FFA   347 0001:00095024   348 0001:00095034
   349 0001:0009503D   350 0001:00095053   351 0001:00095059   352 0001:0009505F
   354 0001:00095073   355 0001:00095087   356 0001:00095097   357 0001:000950AA
   358 0001:000950B3   359 0001:000950BC   352 0001:000950BF   360 0001:000950C4
   362 0001:000950CE   363 0001:000950E2   364 0001:000950F3   366 0001:00095107
   372 0001:00095130   373 0001:00095140   374 0001:00095149   375 0001:0009515F
   376 0001:00095165   377 0001:0009516B   379 0001:0009517F   380 0001:00095193
   381 0001:000951A3   382 0001:000951B6   383 0001:000951BF   384 0001:000951C8
   377 0001:000951CB   385 0001:000951D0   387 0001:000951DA   388 0001:000951EE
   389 0001:000951FF   391 0001:00095213   398 0001:0009523C   399 0001:0009524C
   400 0001:00095255   401 0001:0009526B   402 0001:00095271   403 0001:00095277
   405 0001:0009528B   406 0001:0009529C   407 0001:000952A4   408 0001:000952B4
   409 0001:000952C4   410 0001:000952CD   411 0001:000952D6   403 0001:000952D9
   412 0001:000952DE   414 0001:000952E8   415 0001:000952F9   416 0001:00095301
   417 0001:00095312   419 0001:00095323   426 0001:0009534C   427 0001:0009535C
   428 0001:00095365   429 0001:0009537B   430 0001:00095381   431 0001:00095387
   433 0001:0009539B   434 0001:000953AC   435 0001:000953B4   436 0001:000953C4
   437 0001:000953D4   438 0001:000953DD   439 0001:000953E6   431 0001:000953E9
   440 0001:000953EE   442 0001:000953F8   443 0001:00095409   444 0001:00095411
   445 0001:00095422   447 0001:00095433   774 0001:0009545C

Line numbers for DCPblowfish(DCPblowfish.pas) segment .text

    55 0001:00095580    56 0001:00095589    57 0001:00095590    60 0001:00095598
    61 0001:000955A4    62 0001:000955B1    65 0001:000955CC    66 0001:000955D5
    67 0001:000955DC    80 0001:000955E4    81 0001:000955EE    82 0001:000955FF
    83 0001:00095613    84 0001:00095623    85 0001:00095638    86 0001:00095640
    87 0001:0009564E    88 0001:00095666    89 0001:0009566E    90 0001:00095682
    91 0001:00095692    92 0001:000956AA    93 0001:000956B2    94 0001:000956C0
    95 0001:000956D8    96 0001:000956E0    97 0001:000956E8   105 0001:000956F0
   106 0001:00095700   107 0001:0009570F   108 0001:00095715   109 0001:0009572A
   110 0001:00095742   111 0001:00095747   113 0001:0009574C   114 0001:00095761
   115 0001:00095779   116 0001:0009578F   117 0001:0009579F   118 0001:000957AF
   119 0001:000957BD   111 0001:000957C0   120 0001:000957C6   121 0001:000957D5
   123 0001:000957DA   124 0001:000957E8   125 0001:0009581A   126 0001:0009584C
   121 0001:0009584F   127 0001:00095855   129 0001:0009585A   131 0001:0009585F
   132 0001:0009586D   133 0001:000958A5   134 0001:000958DD   129 0001:000958E0
   135 0001:000958ED   127 0001:000958F0   136 0001:000958FA   139 0001:00095900
   140 0001:00095907   141 0001:0009591C   142 0001:00095933   143 0001:0009593B
   148 0001:00095940   149 0001:0009594F   150 0001:00095958   151 0001:0009596E
   152 0001:00095976   153 0001:00095981   154 0001:000959B9   155 0001:000959F1
   156 0001:000959FD   158 0001:00095A5D   160 0001:00095ABD   162 0001:00095B1D
   164 0001:00095B7D   166 0001:00095BDD   168 0001:00095C3D   170 0001:00095C9D
   172 0001:00095CFD   174 0001:00095D5D   176 0001:00095DBD   178 0001:00095E1D
   180 0001:00095E7D   182 0001:00095EDD   184 0001:00095F3D   186 0001:00095F9D
   188 0001:00095FFD   189 0001:00096009   190 0001:00096041   191 0001:00096079
   192 0001:00096081   193 0001:0009608C   198 0001:000960B0   199 0001:000960BF
   200 0001:000960C8   201 0001:000960DE   202 0001:000960E6   203 0001:000960F1
   204 0001:0009611E   205 0001:0009614B   206 0001:00096157   208 0001:000961B7
   210 0001:00096217   212 0001:00096277   214 0001:000962D7   216 0001:00096337
   218 0001:00096397   220 0001:000963F7   222 0001:00096457   224 0001:000964B7
   226 0001:00096517   228 0001:00096577   230 0001:000965D7   232 0001:00096637
   234 0001:00096697   236 0001:000966F7   238 0001:00096757   239 0001:00096763
   240 0001:00096790   241 0001:000967BD   242 0001:000967C5   243 0001:000967D0
   245 0001:00096822

Line numbers for ShFolders(ShFolders.pas) segment .text

   252 0001:00000000

Line numbers for anfix32(anfix32.pas) segment .text

   487 0001:00096B10   488 0001:00096B1C   489 0001:00096B2C   490 0001:00096B32
   492 0001:00096B48   493 0001:00096B53  1303 0001:00096B64  1304 0001:00096B8A
  1306 0001:00096BB1  1307 0001:00096BBE  1308 0001:00096BC6  1309 0001:00096BE3
  1310 0001:00096BF1  1312 0001:00096BF7  1313 0001:00096C24  1314 0001:00096C3B
  1310 0001:00096C49  1316 0001:00096C4F  1317 0001:00096C5D  1582 0001:00096C88
  1583 0001:00096C94  1585 0001:00096C9F  1586 0001:00096CB1  1587 0001:00096CB7
  1588 0001:00096CC9  1590 0001:00096CCF  1591 0001:00096CDF  1592 0001:00096CE1
  1597 0001:00096D00  1598 0001:00096D1F  1600 0001:00096D2C  1599 0001:00096D3E
  1602 0001:00096D4E  1601 0001:00096D75  1603 0001:00096D8D  1604 0001:00096D98
  1628 0001:00096DBC  1629 0001:00096DDB  1631 0001:00096DE8  1630 0001:00096E0F
  1632 0001:00096E27  1633 0001:00096E32  1933 0001:00096E54  1934 0001:00096E73
  1936 0001:00096E82  1939 0001:00096E91  1940 0001:00096EBE  1942 0001:00096EC9
  1983 0001:00096EFC  1984 0001:00096F22  1986 0001:00096F33  1987 0001:00096F54
  1988 0001:00096F68  1990 0001:00096F9B  1991 0001:00096F9F  1992 0001:00096FA1
  1987 0001:00096FA4  1995 0001:00096FAB  1996 0001:00096FBB  1998 0001:00096FED
  1999 0001:00096FF1  2000 0001:00096FF3  1995 0001:00096FF6  2002 0001:00096FFB
  2003 0001:00096FFF  2030 0001:0009703C  2031 0001:00097066  2032 0001:00097097
  2033 0001:000970AA  2814 0001:000970E8  2815 0001:000970EE  2817 0001:000970F7
  2819 0001:00097100  2821 0001:00097107  2823 0001:00097112  2825 0001:0009712F
  2828 0001:00097135  2830 0001:0009713C  2832 0001:00097159  2834 0001:00097162
  3679 0001:0009718C  3680 0001:0009718E  4351 0001:00097190  4354 0001:000971BD
  4356 0001:000971CE  4357 0001:000971DC  4359 0001:000971E2  4362 0001:0009720F
  4363 0001:00097217  4365 0001:00097219  4354 0001:0009721C  4368 0001:00097221
  4369 0001:0009722F  4371 0001:00097235  4374 0001:0009724C  4376 0001:00097257
  4611 0001:00097280  4612 0001:0009728C  4613 0001:0009729A  4614 0001:000972AF
  4615 0001:000972BF  4736 0001:000972C4  4737 0001:000972EE  4738 0001:00097300
  4739 0001:00097306  4741 0001:0009733D  4742 0001:00097372  4795 0001:000973C8
  4796 0001:000973ED  4797 0001:000973FB  4799 0001:00097400  4801 0001:0009740B
  4802 0001:00097414  4803 0001:00097424  4804 0001:0009743C  4805 0001:0009744C
  4854 0001:00097470  4855 0001:00097497  4856 0001:0009749F  4859 0001:000974B7
  4860 0001:000974FD  4857 0001:0009750F  4862 0001:00097515  5687 0001:00097550
  5688 0001:00097572  5689 0001:0009757B  5690 0001:000975AD  5735 0001:000975EC
  5737 0001:00097612  5738 0001:00097617  5740 0001:00097621

Line numbers for anfix32(anfix32.pas) segment .itext

  5727 0002:00000940  5728 0002:0000095E  5729 0002:0000096F  5730 0002:00000979
  5731 0002:00000988  5732 0002:00000991  5733 0002:000009C0  5734 0002:000009CA

Line numbers for UnitFirebirdRestore(UnitFirebirdRestore.pas) segment .text

    65 0001:0009794C    68 0001:00097971    69 0001:00097986    72 0001:000979AF
    73 0001:000979BA    74 0001:000979D7    78 0001:000979DC    79 0001:00097A07
    81 0001:00097A0D    82 0001:00097A1E    84 0001:00097A4C    74 0001:00097A4F
    86 0001:00097A55    89 0001:00097A5D    90 0001:00097A70    93 0001:00097A80
    94 0001:00097A8A    96 0001:00097AAC    97 0001:00097AD3    99 0001:00097AEB
   100 0001:00097B08   101 0001:00097B23   102 0001:00097B35   103 0001:00097B40
   106 0001:00097B52   107 0001:00097B73   110 0001:00097B8B   111 0001:00097BC5
   113 0001:00097BFF   116 0001:00097C39   118 0001:00097C45   119 0001:00097C57
   122 0001:00097C59   124 0001:00097C7C   129 0001:00097CA0   132 0001:00097CDA
   133 0001:00097CF3   134 0001:00097CFF   136 0001:00097D20   140 0001:00097D39
   141 0001:00097D43   143 0001:00097D45    94 0001:00097D48   145 0001:00097D51
   148 0001:00097D61   149 0001:00097D7D   150 0001:00097D9A   151 0001:00097DB5
   152 0001:00097DC7   153 0001:00097DD2   155 0001:00097DE4   157 0001:00097DF4
   161 0001:00097E2F   162 0001:00097E39   163 0001:00097E5B   166 0001:00097EB2
   167 0001:00097EC7   169 0001:00097ED6   170 0001:00097EE8   171 0001:00097EFB
   172 0001:00097F0E   179 0001:00097F1A   180 0001:00097F24   182 0001:00097F4C
   188 0001:00098114   189 0001:0009814D   191 0001:00098159   192 0001:0009816B
   193 0001:00098172   194 0001:00098185   196 0001:000981B5   203 0001:000985EC
   204 0001:00098612   206 0001:00098622   207 0001:0009862C   208 0001:00098634
   210 0001:00098638   212 0001:00098644   213 0001:00098655   214 0001:0009865E
   216 0001:0009866A   218 0001:00098674   219 0001:00098681   221 0001:00098688
   222 0001:00098693   223 0001:000986A3   225 0001:000986C7   226 0001:000986F4
   227 0001:00098721   228 0001:0009874E   230 0001:00098764   231 0001:00098772
   232 0001:0009877C   233 0001:00098793   234 0001:000987AA   235 0001:000987B6
   236 0001:000987C0   238 0001:000987C8   241 0001:000987DB   244 0001:000987E6
   247 0001:000987F5   249 0001:0009880B   251 0001:00098822   252 0001:0009883A
   255 0001:0009883E   256 0001:00098855   239 0001:00098861   259 0001:0009888C
   261 0001:0009888F   262 0001:0009889A   265 0001:000988AD   269 0001:000988D8
   271 0001:000988DB   272 0001:000988E6   275 0001:000988F9   277 0001:00098903
   278 0001:00098913   280 0001:0009891D   282 0001:00098935   285 0001:00098A08
   286 0001:00098A27   287 0001:00098A33   288 0001:00098A43   289 0001:00098A65
   292 0001:00098AB0   293 0001:00098AD2   294 0001:00098AFC   296 0001:00098B6E

Line numbers for FirebirdRestore(FirebirdRestore.dpr) segment .itext

     9 0002:00000A24    10 0002:00000A34    11 0002:00000A40    12 0002:00000A58
    13 0002:00000A64

Bound resource files

c:\programme\codegear\rad studio\5.0\lib\Controls.res
c:\programme\codegear\rad studio\5.0\lib\Buttons.res
c:\programme\codegear\rad studio\5.0\lib\FileCtrl.res
UnitFirebirdRestore.dfm
FirebirdRestore.res
FirebirdRestore.drf


Program entry point at 0002:00000A24
